Archive member included to satisfy reference by file (symbol)

d:/programs/stm/gcc-arm-none-eabi-4_9-141220/bin/../lib/gcc/arm-none-eabi/4.9.3/../../../../arm-none-eabi/lib/armv7-m\libg_nano.a(lib_a-errno.o)
                              ./system/src/newlib/_sbrk.o (__errno)
d:/programs/stm/gcc-arm-none-eabi-4_9-141220/bin/../lib/gcc/arm-none-eabi/4.9.3/../../../../arm-none-eabi/lib/armv7-m\libg_nano.a(lib_a-impure.o)
                              d:/programs/stm/gcc-arm-none-eabi-4_9-141220/bin/../lib/gcc/arm-none-eabi/4.9.3/../../../../arm-none-eabi/lib/armv7-m\libg_nano.a(lib_a-errno.o) (_impure_ptr)
d:/programs/stm/gcc-arm-none-eabi-4_9-141220/bin/../lib/gcc/arm-none-eabi/4.9.3/../../../../arm-none-eabi/lib/armv7-m\libg_nano.a(lib_a-strlen.o)
                              ./system/src/diag/Trace.o (strlen)
d:/programs/stm/gcc-arm-none-eabi-4_9-141220/bin/../lib/gcc/arm-none-eabi/4.9.3/../../../../arm-none-eabi/lib/armv7-m\libg_nano.a(lib_a-vsnprintf.o)
                              ./system/src/diag/Trace.o (vsnprintf)
d:/programs/stm/gcc-arm-none-eabi-4_9-141220/bin/../lib/gcc/arm-none-eabi/4.9.3/../../../../arm-none-eabi/lib/armv7-m\libg_nano.a(lib_a-nano-svfprintf.o)
                              d:/programs/stm/gcc-arm-none-eabi-4_9-141220/bin/../lib/gcc/arm-none-eabi/4.9.3/../../../../arm-none-eabi/lib/armv7-m\libg_nano.a(lib_a-vsnprintf.o) (_svfprintf_r)
d:/programs/stm/gcc-arm-none-eabi-4_9-141220/bin/../lib/gcc/arm-none-eabi/4.9.3/../../../../arm-none-eabi/lib/armv7-m\libg_nano.a(lib_a-nano-vfprintf_i.o)
                              d:/programs/stm/gcc-arm-none-eabi-4_9-141220/bin/../lib/gcc/arm-none-eabi/4.9.3/../../../../arm-none-eabi/lib/armv7-m\libg_nano.a(lib_a-nano-svfprintf.o) (_printf_i)
d:/programs/stm/gcc-arm-none-eabi-4_9-141220/bin/../lib/gcc/arm-none-eabi/4.9.3/../../../../arm-none-eabi/lib/armv7-m\libg_nano.a(lib_a-memchr.o)
                              d:/programs/stm/gcc-arm-none-eabi-4_9-141220/bin/../lib/gcc/arm-none-eabi/4.9.3/../../../../arm-none-eabi/lib/armv7-m\libg_nano.a(lib_a-nano-svfprintf.o) (memchr)
d:/programs/stm/gcc-arm-none-eabi-4_9-141220/bin/../lib/gcc/arm-none-eabi/4.9.3/../../../../arm-none-eabi/lib/armv7-m\libg_nano.a(lib_a-memcpy.o)
                              d:/programs/stm/gcc-arm-none-eabi-4_9-141220/bin/../lib/gcc/arm-none-eabi/4.9.3/../../../../arm-none-eabi/lib/armv7-m\libg_nano.a(lib_a-nano-svfprintf.o) (memcpy)
d:/programs/stm/gcc-arm-none-eabi-4_9-141220/bin/../lib/gcc/arm-none-eabi/4.9.3/../../../../arm-none-eabi/lib/armv7-m\libg_nano.a(lib_a-memmove.o)
                              d:/programs/stm/gcc-arm-none-eabi-4_9-141220/bin/../lib/gcc/arm-none-eabi/4.9.3/../../../../arm-none-eabi/lib/armv7-m\libg_nano.a(lib_a-nano-svfprintf.o) (memmove)
d:/programs/stm/gcc-arm-none-eabi-4_9-141220/bin/../lib/gcc/arm-none-eabi/4.9.3/../../../../arm-none-eabi/lib/armv7-m\libg_nano.a(lib_a-nano-freer.o)
                              d:/programs/stm/gcc-arm-none-eabi-4_9-141220/bin/../lib/gcc/arm-none-eabi/4.9.3/../../../../arm-none-eabi/lib/armv7-m\libg_nano.a(lib_a-nano-svfprintf.o) (_free_r)
d:/programs/stm/gcc-arm-none-eabi-4_9-141220/bin/../lib/gcc/arm-none-eabi/4.9.3/../../../../arm-none-eabi/lib/armv7-m\libg_nano.a(lib_a-nano-mallocr.o)
                              d:/programs/stm/gcc-arm-none-eabi-4_9-141220/bin/../lib/gcc/arm-none-eabi/4.9.3/../../../../arm-none-eabi/lib/armv7-m\libg_nano.a(lib_a-nano-svfprintf.o) (_malloc_r)
d:/programs/stm/gcc-arm-none-eabi-4_9-141220/bin/../lib/gcc/arm-none-eabi/4.9.3/../../../../arm-none-eabi/lib/armv7-m\libg_nano.a(lib_a-nano-reallocr.o)
                              d:/programs/stm/gcc-arm-none-eabi-4_9-141220/bin/../lib/gcc/arm-none-eabi/4.9.3/../../../../arm-none-eabi/lib/armv7-m\libg_nano.a(lib_a-nano-svfprintf.o) (_realloc_r)
d:/programs/stm/gcc-arm-none-eabi-4_9-141220/bin/../lib/gcc/arm-none-eabi/4.9.3/../../../../arm-none-eabi/lib/armv7-m\libg_nano.a(lib_a-sbrkr.o)
                              d:/programs/stm/gcc-arm-none-eabi-4_9-141220/bin/../lib/gcc/arm-none-eabi/4.9.3/../../../../arm-none-eabi/lib/armv7-m\libg_nano.a(lib_a-nano-mallocr.o) (_sbrk_r)
d:/programs/stm/gcc-arm-none-eabi-4_9-141220/bin/../lib/gcc/arm-none-eabi/4.9.3/../../../../arm-none-eabi/lib/armv7-m\libg_nano.a(lib_a-nano-msizer.o)
                              d:/programs/stm/gcc-arm-none-eabi-4_9-141220/bin/../lib/gcc/arm-none-eabi/4.9.3/../../../../arm-none-eabi/lib/armv7-m\libg_nano.a(lib_a-nano-reallocr.o) (_malloc_usable_size_r)

Allocating common symbols
Common symbol       size              file

timer_delayCount    0x4               ./src/Timer.o
errno               0x4               ./system/src/newlib/_syscalls.o
ADC_ConvertedValue  0x10              ./src/main.o

Discarded input sections

 .group         0x00000000        0x8 ./system/src/stm32f1-stdperiph/misc.o
 .group         0x00000000        0x8 ./system/src/stm32f1-stdperiph/misc.o
 .group         0x00000000        0x8 ./system/src/stm32f1-stdperiph/misc.o
[...]
Memory Configuration

Name             Origin             Length             Attributes
RAM              0x20000000         0x00002000         xrw
CCMRAM           0x00000000         0x00000000         xrw
FLASH            0x08000000         0x00020000         xr
FLASHB1          0x00000000         0x00000000         xr
EXTMEMB0         0x00000000         0x00000000         xr
EXTMEMB1         0x00000000         0x00000000         xr
EXTMEMB2         0x00000000         0x00000000         xr
EXTMEMB3         0x00000000         0x00000000         xr
MEMORY_ARRAY     0x00000000         0x00000000         xrw
*default*        0x00000000         0xffffffff

Linker script and memory map

LOAD ./system/src/stm32f1-stdperiph/misc.o
LOAD ./system/src/stm32f1-stdperiph/stm32f10x_adc.o
LOAD ./system/src/stm32f1-stdperiph/stm32f10x_dac.o
LOAD ./system/src/stm32f1-stdperiph/stm32f10x_dma.o
LOAD ./system/src/stm32f1-stdperiph/stm32f10x_gpio.o
LOAD ./system/src/stm32f1-stdperiph/stm32f10x_rcc.o
LOAD ./system/src/stm32f1-stdperiph/stm32f10x_tim.o
LOAD ./system/src/stm32f1-stdperiph/stm32f10x_usart.o
LOAD ./system/src/newlib/_cxx.o
LOAD ./system/src/newlib/_exit.o
LOAD ./system/src/newlib/_sbrk.o
LOAD ./system/src/newlib/_startup.o
LOAD ./system/src/newlib/_syscalls.o
LOAD ./system/src/newlib/assert.o
LOAD ./system/src/diag/Trace.o
LOAD ./system/src/diag/trace_impl.o
LOAD ./system/src/cortexm/_initialize_hardware.o
LOAD ./system/src/cortexm/_reset_hardware.o
LOAD ./system/src/cortexm/exception_handlers.o
LOAD ./system/src/cmsis/system_stm32f10x.o
LOAD ./system/src/cmsis/vectors_stm32f10x.o
LOAD ./src/BlinkLed.o
LOAD ./src/Timer.o
LOAD ./src/_write.o
LOAD ./src/main.o
LOAD d:/programs/stm/gcc-arm-none-eabi-4_9-141220/bin/../lib/gcc/arm-none-eabi/4.9.3/../../../../arm-none-eabi/lib/armv7-m\libstdc++_nano.a
LOAD d:/programs/stm/gcc-arm-none-eabi-4_9-141220/bin/../lib/gcc/arm-none-eabi/4.9.3/../../../../arm-none-eabi/lib/armv7-m\libm.a
START GROUP
LOAD d:/programs/stm/gcc-arm-none-eabi-4_9-141220/bin/../lib/gcc/arm-none-eabi/4.9.3/armv7-m\libgcc.a
LOAD d:/programs/stm/gcc-arm-none-eabi-4_9-141220/bin/../lib/gcc/arm-none-eabi/4.9.3/../../../../arm-none-eabi/lib/armv7-m\libg_nano.a
LOAD d:/programs/stm/gcc-arm-none-eabi-4_9-141220/bin/../lib/gcc/arm-none-eabi/4.9.3/../../../../arm-none-eabi/lib/armv7-m\libc_nano.a
END GROUP
START GROUP
LOAD d:/programs/stm/gcc-arm-none-eabi-4_9-141220/bin/../lib/gcc/arm-none-eabi/4.9.3/armv7-m\libgcc.a
LOAD d:/programs/stm/gcc-arm-none-eabi-4_9-141220/bin/../lib/gcc/arm-none-eabi/4.9.3/../../../../arm-none-eabi/lib/armv7-m\libc_nano.a
END GROUP
                0x20002000                __stack = (ORIGIN (RAM) + 0x2000)
                0x20002000                _estack = __stack
                0x00000400                __Main_Stack_Size = 0x400
                0x00000400                PROVIDE (_Main_Stack_Size, __Main_Stack_Size)
                0x20001c00                __Main_Stack_Limit = (__stack - __Main_Stack_Size)
                0x20001c00                PROVIDE (_Main_Stack_Limit, __Main_Stack_Limit)
                0x00000100                _Minimum_Stack_Size = 0x100
                0x20000138                PROVIDE (_Heap_Begin, _end_noinit)
                0x20001c00                PROVIDE (_Heap_Limit, (__stack - __Main_Stack_Size))

.isr_vector     0x08000000      0x3ec
                0x08000000                . = ALIGN (0x4)
 *(.isr_vector)
 .isr_vector    0x08000000      0x1d0 ./system/src/cmsis/vectors_stm32f10x.o
                0x08000000                __isr_vectors
 *(.cfmconfig)
 *(.after_vectors .after_vectors.*)
 .after_vectors
                0x080001d0      0x114 ./system/src/newlib/_startup.o
                0x080001d0                _start
 .after_vectors
                0x080002e4      0x104 ./system/src/cortexm/exception_handlers.o
                0x080002e4                Reset_Handler
                0x080002ec                NMI_Handler
                0x080002f0                HardFault_Handler
                0x08000304                HardFault_Handler_C
                0x08000338                MemManage_Handler
                0x0800033c                BusFault_Handler
                0x08000350                BusFault_Handler_C
                0x08000384                UsageFault_Handler
                0x08000398                UsageFault_Handler_C
                0x080003cc                SVC_Handler
                0x080003d0                DebugMon_Handler
                0x080003d4                PendSV_Handler
 .after_vectors
                0x080003e8        0x4 ./system/src/cmsis/vectors_stm32f10x.o
                0x080003e8                EXTI2_IRQHandler
                0x080003e8                TIM8_TRG_COM_IRQHandler
                0x080003e8                TIM8_CC_IRQHandler
                0x080003e8                TIM1_CC_IRQHandler
                0x080003e8                TIM6_IRQHandler
                0x080003e8                PVD_IRQHandler
                0x080003e8                SDIO_IRQHandler
                0x080003e8                CAN2_RX1_IRQHandler
                0x080003e8                EXTI3_IRQHandler
                0x080003e8                TIM8_TRG_COM_TIM14_IRQHandler
                0x080003e8                TIM1_UP_TIM10_IRQHandler
                0x080003e8                TIM8_UP_TIM13_IRQHandler
                0x080003e8                EXTI0_IRQHandler
                0x080003e8                I2C2_EV_IRQHandler
                0x080003e8                CAN1_RX0_IRQHandler
                0x080003e8                TIM1_UP_TIM16_IRQHandler
                0x080003e8                CAN2_SCE_IRQHandler
                0x080003e8                ADC1_2_IRQHandler
                0x080003e8                SPI1_IRQHandler
                0x080003e8                TAMPER_IRQHandler
                0x080003e8                TIM6_DAC_IRQHandler
                0x080003e8                TIM1_BRK_TIM9_IRQHandler
                0x080003e8                CAN2_RX0_IRQHandler
                0x080003e8                TIM8_UP_IRQHandler
                0x080003e8                DMA2_Channel2_IRQHandler
                0x080003e8                DMA1_Channel4_IRQHandler
                0x080003e8                USART3_IRQHandler
                0x080003e8                RTC_IRQHandler
                0x080003e8                DMA1_Channel7_IRQHandler
                0x080003e8                CAN1_RX1_IRQHandler
                0x080003e8                UART5_IRQHandler
                0x080003e8                ADC3_IRQHandler
                0x080003e8                TIM4_IRQHandler
                0x080003e8                DMA2_Channel1_IRQHandler
                0x080003e8                I2C1_EV_IRQHandler
                0x080003e8                DMA1_Channel6_IRQHandler
                0x080003e8                UART4_IRQHandler
                0x080003e8                DMA2_Channel4_IRQHandler
                0x080003e8                TIM3_IRQHandler
                0x080003e8                RCC_IRQHandler
                0x080003e8                TIM8_BRK_TIM12_IRQHandler
                0x080003e8                TIM1_TRG_COM_IRQHandler
                0x080003e8                DMA1_Channel1_IRQHandler
                0x080003e8                Default_Handler
                0x080003e8                CEC_IRQHandler
                0x080003e8                EXTI15_10_IRQHandler
                0x080003e8                TIM14_IRQHandler
                0x080003e8                TIM13_IRQHandler
                0x080003e8                TIM12_IRQHandler
                0x080003e8                TIM7_IRQHandler
                0x080003e8                CAN2_TX_IRQHandler
                0x080003e8                TIM5_IRQHandler
                0x080003e8                EXTI9_5_IRQHandler
                0x080003e8                ETH_WKUP_IRQHandler
                0x080003e8                SPI2_IRQHandler
                0x080003e8                CAN1_TX_IRQHandler
                0x080003e8                DMA2_Channel5_IRQHandler
                0x080003e8                DMA1_Channel5_IRQHandler
                0x080003e8                EXTI4_IRQHandler
                0x080003e8                USB_LP_CAN1_RX0_IRQHandler
                0x080003e8                TIM1_TRG_COM_TIM17_IRQHandler
                0x080003e8                USB_HP_CAN1_TX_IRQHandler
                0x080003e8                DMA1_Channel3_IRQHandler
                0x080003e8                FSMC_IRQHandler
                0x080003e8                ETH_IRQHandler
                0x080003e8                TIM1_UP_IRQHandler
                0x080003e8                WWDG_IRQHandler
                0x080003e8                TIM2_IRQHandler
                0x080003e8                OTG_FS_WKUP_IRQHandler
                0x080003e8                TIM1_TRG_COM_TIM11_IRQHandler
                0x080003e8                TIM1_BRK_IRQHandler
                0x080003e8                EXTI1_IRQHandler
                0x080003e8                RTCAlarm_IRQHandler
                0x080003e8                DMA2_Channel4_5_IRQHandler
                0x080003e8                USART2_IRQHandler
                0x080003e8                I2C2_ER_IRQHandler
                0x080003e8                DMA1_Channel2_IRQHandler
                0x080003e8                TIM8_BRK_IRQHandler
                0x080003e8                CAN1_SCE_IRQHandler
                0x080003e8                FLASH_IRQHandler
                0x080003e8                USART1_IRQHandler
                0x080003e8                OTG_FS_IRQHandler
                0x080003e8                SPI3_IRQHandler
                0x080003e8                I2C1_ER_IRQHandler
                0x080003e8                USBWakeUp_IRQHandler
                0x080003e8                DMA2_Channel3_IRQHandler
                0x080003e8                TIM1_BRK_TIM15_IRQHandler
                0x080003ec                . = ALIGN (0x4)

.inits          0x080003ec        0x0
                0x080003ec                . = ALIGN (0x4)
 *(.init)
 *(.fini)
                0x080003ec                . = ALIGN (0x4)
                0x080003ec                PROVIDE (__preinit_array_start, .)
 *(.preinit_array_sysinit .preinit_array_sysinit.*)
 *(.preinit_array_platform .preinit_array_platform.*)
 *(.preinit_array .preinit_array.*)
                0x080003ec                PROVIDE (__preinit_array_end, .)
                0x080003ec                . = ALIGN (0x4)
                0x080003ec                PROVIDE (__init_array_start, .)
 *(SORT(.init_array.*))
 *(.init_array)
                0x080003ec                PROVIDE (__init_array_end, .)
                0x080003ec                . = ALIGN (0x4)
                0x080003ec                PROVIDE (__fini_array_start, .)
 *(SORT(.fini_array.*))
 *(.fini_array)
                0x080003ec                PROVIDE (__fini_array_end, .)
                0x080003ec                . = ALIGN (0x4)

.flashtext      0x080003ec        0x0
                0x080003ec                . = ALIGN (0x4)
 *(.flashtext .flashtext.*)
                0x080003ec                . = ALIGN (0x4)

.text           0x080003ec     0x1da1
                0x080003ec                . = ALIGN (0x4)
 *(.text .text.*)
 .text.NVIC_Init
                0x080003ec       0x98 ./system/src/stm32f1-stdperiph/misc.o
                0x080003ec                NVIC_Init
 .text.ADC_DeInit
                0x08000484       0x88 ./system/src/stm32f1-stdperiph/stm32f10x_adc.o
                0x08000484                ADC_DeInit
 .text.ADC_Init
                0x0800050c      0x148 ./system/src/stm32f1-stdperiph/stm32f10x_adc.o
                0x0800050c                ADC_Init
 .text.ADC_Cmd  0x08000654       0x54 ./system/src/stm32f1-stdperiph/stm32f10x_adc.o
                0x08000654                ADC_Cmd
 .text.ADC_ITConfig
                0x080006a8       0x68 ./system/src/stm32f1-stdperiph/stm32f10x_adc.o
                0x080006a8                ADC_ITConfig
 .text.ADC_ResetCalibration
                0x08000710       0x38 ./system/src/stm32f1-stdperiph/stm32f10x_adc.o
                0x08000710                ADC_ResetCalibration
 .text.ADC_GetResetCalibrationStatus
                0x08000748       0x3c ./system/src/stm32f1-stdperiph/stm32f10x_adc.o
                0x08000748                ADC_GetResetCalibrationStatus
 .text.ADC_StartCalibration
                0x08000784       0x38 ./system/src/stm32f1-stdperiph/stm32f10x_adc.o
                0x08000784                ADC_StartCalibration
 .text.ADC_GetCalibrationStatus
                0x080007bc       0x3c ./system/src/stm32f1-stdperiph/stm32f10x_adc.o
                0x080007bc                ADC_GetCalibrationStatus
 .text.ADC_RegularChannelConfig
                0x080007f8       0xe8 ./system/src/stm32f1-stdperiph/stm32f10x_adc.o
                0x080007f8                ADC_RegularChannelConfig
 .text.ADC_TempSensorVrefintCmd
                0x080008e0       0x34 ./system/src/stm32f1-stdperiph/stm32f10x_adc.o
                0x080008e0                ADC_TempSensorVrefintCmd
 .text.DMA_DeInit
                0x08000914      0x180 ./system/src/stm32f1-stdperiph/stm32f10x_dma.o
                0x08000914                DMA_DeInit
 .text.DMA_Init
                0x08000a94      0x150 ./system/src/stm32f1-stdperiph/stm32f10x_dma.o
                0x08000a94                DMA_Init
 .text.DMA_Cmd  0x08000be4       0x8c ./system/src/stm32f1-stdperiph/stm32f10x_dma.o
                0x08000be4                DMA_Cmd
 .text.GPIO_Init
                0x08000c70      0x12c ./system/src/stm32f1-stdperiph/stm32f10x_gpio.o
                0x08000c70                GPIO_Init
 .text.GPIO_SetBits
                0x08000d9c       0x60 ./system/src/stm32f1-stdperiph/stm32f10x_gpio.o
                0x08000d9c                GPIO_SetBits
 .text.GPIO_ResetBits
                0x08000dfc       0x60 ./system/src/stm32f1-stdperiph/stm32f10x_gpio.o
                0x08000dfc                GPIO_ResetBits
 .text.RCC_HCLKConfig
                0x08000e5c       0x48 ./system/src/stm32f1-stdperiph/stm32f10x_rcc.o
                0x08000e5c                RCC_HCLKConfig
 .text.RCC_PCLK1Config
                0x08000ea4       0x40 ./system/src/stm32f1-stdperiph/stm32f10x_rcc.o
                0x08000ea4                RCC_PCLK1Config
 .text.RCC_PCLK2Config
                0x08000ee4       0x40 ./system/src/stm32f1-stdperiph/stm32f10x_rcc.o
                0x08000ee4                RCC_PCLK2Config
 .text.RCC_ADCCLKConfig
                0x08000f24       0x38 ./system/src/stm32f1-stdperiph/stm32f10x_rcc.o
                0x08000f24                RCC_ADCCLKConfig
 .text.RCC_LSEConfig
                0x08000f5c       0x40 ./system/src/stm32f1-stdperiph/stm32f10x_rcc.o
                0x08000f5c                RCC_LSEConfig
 .text.RCC_AHBPeriphClockCmd
                0x08000f9c       0x4c ./system/src/stm32f1-stdperiph/stm32f10x_rcc.o
                0x08000f9c                RCC_AHBPeriphClockCmd
 .text.RCC_APB2PeriphClockCmd
                0x08000fe8       0x4c ./system/src/stm32f1-stdperiph/stm32f10x_rcc.o
                0x08000fe8                RCC_APB2PeriphClockCmd
 .text.RCC_APB2PeriphResetCmd
                0x08001034       0x4c ./system/src/stm32f1-stdperiph/stm32f10x_rcc.o
                0x08001034                RCC_APB2PeriphResetCmd
 .text._exit    0x08001080        0x4 ./system/src/newlib/_exit.o
                0x08001080                _exit
 .text.abort    0x08001084       0x14 ./system/src/newlib/_exit.o
                0x08001084                abort
 .text._sbrk    0x08001098       0x44 ./system/src/newlib/_sbrk.o
                0x08001098                _sbrk
 .text.__initialize_args
                0x080010dc       0x10 ./system/src/newlib/_syscalls.o
                0x080010dc                __initialize_args
 .text.assert_failed
                0x080010ec       0x18 ./system/src/newlib/assert.o
                0x080010ec                assert_failed
 .text.trace_printf
                0x08001104       0x34 ./system/src/diag/Trace.o
                0x08001104                trace_printf
 .text.trace_puts
                0x08001138       0x20 ./system/src/diag/Trace.o
                0x08001138                trace_puts
 .text._trace_write_itm
                0x08001158       0x48 ./system/src/diag/trace_impl.o
 .text.trace_write
                0x080011a0        0x8 ./system/src/diag/trace_impl.o
                0x080011a0                trace_write
 .text.__initialize_hardware_early
                0x080011a8        0x8 ./system/src/cortexm/_initialize_hardware.o
                0x080011a8                __initialize_hardware_early
 .text.__initialize_hardware
                0x080011b0        0x8 ./system/src/cortexm/_initialize_hardware.o
                0x080011b0                __initialize_hardware
 .text.dumpExceptionStack
                0x080011b8       0xf0 ./system/src/cortexm/exception_handlers.o
                0x080011b8                dumpExceptionStack
 .text.SetSysClockTo24
                0x080012a8       0xa0 ./system/src/cmsis/system_stm32f10x.o
 .text.SetSysClock
                0x08001348        0x8 ./system/src/cmsis/system_stm32f10x.o
 .text.SystemInit
                0x08001350       0x54 ./system/src/cmsis/system_stm32f10x.o
                0x08001350                SystemInit
 .text.SystemCoreClockUpdate
                0x080013a4       0x8c ./system/src/cmsis/system_stm32f10x.o
                0x080013a4                SystemCoreClockUpdate
 .text.timer_start
                0x08001430       0x3c ./src/Timer.o
                0x08001430                timer_start
 .text.timer_tick
                0x0800146c       0x14 ./src/Timer.o
                0x0800146c                timer_tick
 .text.SysTick_Handler
                0x08001480        0x8 ./src/Timer.o
                0x08001480                SysTick_Handler
 .text.main     0x08001488      0x18c ./src/main.o
                0x08001488                main
 .text.__errno  0x08001614        0xc d:/programs/stm/gcc-arm-none-eabi-4_9-141220/bin/../lib/gcc/arm-none-eabi/4.9.3/../../../../arm-none-eabi/lib/armv7-m\libg_nano.a(lib_a-errno.o)
                0x08001614                __errno
 .text.strlen   0x08001620       0x10 d:/programs/stm/gcc-arm-none-eabi-4_9-141220/bin/../lib/gcc/arm-none-eabi/4.9.3/../../../../arm-none-eabi/lib/armv7-m\libg_nano.a(lib_a-strlen.o)
                0x08001620                strlen
 .text._vsnprintf_r
                0x08001630       0x52 d:/programs/stm/gcc-arm-none-eabi-4_9-141220/bin/../lib/gcc/arm-none-eabi/4.9.3/../../../../arm-none-eabi/lib/armv7-m\libg_nano.a(lib_a-vsnprintf.o)
                0x08001630                _vsniprintf_r
                0x08001630                _vsnprintf_r
 *fill*         0x08001682        0x2 
 .text.vsnprintf
                0x08001684       0x20 d:/programs/stm/gcc-arm-none-eabi-4_9-141220/bin/../lib/gcc/arm-none-eabi/4.9.3/../../../../arm-none-eabi/lib/armv7-m\libg_nano.a(lib_a-vsnprintf.o)
                0x08001684                vsniprintf
                0x08001684                vsnprintf
 .text.__ssputs_r
                0x080016a4       0xb2 d:/programs/stm/gcc-arm-none-eabi-4_9-141220/bin/../lib/gcc/arm-none-eabi/4.9.3/../../../../arm-none-eabi/lib/armv7-m\libg_nano.a(lib_a-nano-svfprintf.o)
                0x080016a4                __ssputs_r
 *fill*         0x08001756        0x2 
 .text._svfprintf_r
                0x08001758      0x1e4 d:/programs/stm/gcc-arm-none-eabi-4_9-141220/bin/../lib/gcc/arm-none-eabi/4.9.3/../../../../arm-none-eabi/lib/armv7-m\libg_nano.a(lib_a-nano-svfprintf.o)
                0x08001758                _svfiprintf_r
                0x08001758                _svfprintf_r
 .text._printf_common
                0x0800193c       0xea d:/programs/stm/gcc-arm-none-eabi-4_9-141220/bin/../lib/gcc/arm-none-eabi/4.9.3/../../../../arm-none-eabi/lib/armv7-m\libg_nano.a(lib_a-nano-vfprintf_i.o)
                0x0800193c                _printf_common
 *fill*         0x08001a26        0x2 
 .text._printf_i
                0x08001a28      0x234 d:/programs/stm/gcc-arm-none-eabi-4_9-141220/bin/../lib/gcc/arm-none-eabi/4.9.3/../../../../arm-none-eabi/lib/armv7-m\libg_nano.a(lib_a-nano-vfprintf_i.o)
                0x08001a28                _printf_i
 .text.memchr   0x08001c5c       0x1c d:/programs/stm/gcc-arm-none-eabi-4_9-141220/bin/../lib/gcc/arm-none-eabi/4.9.3/../../../../arm-none-eabi/lib/armv7-m\libg_nano.a(lib_a-memchr.o)
                0x08001c5c                memchr
 .text.memcpy   0x08001c78       0x16 d:/programs/stm/gcc-arm-none-eabi-4_9-141220/bin/../lib/gcc/arm-none-eabi/4.9.3/../../../../arm-none-eabi/lib/armv7-m\libg_nano.a(lib_a-memcpy.o)
                0x08001c78                memcpy
 .text.memmove  0x08001c8e       0x36 d:/programs/stm/gcc-arm-none-eabi-4_9-141220/bin/../lib/gcc/arm-none-eabi/4.9.3/../../../../arm-none-eabi/lib/armv7-m\libg_nano.a(lib_a-memmove.o)
                0x08001c8e                memmove
 .text._free_r  0x08001cc4       0x88 d:/programs/stm/gcc-arm-none-eabi-4_9-141220/bin/../lib/gcc/arm-none-eabi/4.9.3/../../../../arm-none-eabi/lib/armv7-m\libg_nano.a(lib_a-nano-freer.o)
                0x08001cc4                _free_r
 .text._malloc_r
                0x08001d4c       0xac d:/programs/stm/gcc-arm-none-eabi-4_9-141220/bin/../lib/gcc/arm-none-eabi/4.9.3/../../../../arm-none-eabi/lib/armv7-m\libg_nano.a(lib_a-nano-mallocr.o)
                0x08001d4c                _malloc_r
 .text._realloc_r
                0x08001df8       0x4c d:/programs/stm/gcc-arm-none-eabi-4_9-141220/bin/../lib/gcc/arm-none-eabi/4.9.3/../../../../arm-none-eabi/lib/armv7-m\libg_nano.a(lib_a-nano-reallocr.o)
                0x08001df8                _realloc_r
 .text._sbrk_r  0x08001e44       0x20 d:/programs/stm/gcc-arm-none-eabi-4_9-141220/bin/../lib/gcc/arm-none-eabi/4.9.3/../../../../arm-none-eabi/lib/armv7-m\libg_nano.a(lib_a-sbrkr.o)
                0x08001e44                _sbrk_r
 .text._malloc_usable_size_r
                0x08001e64       0x14 d:/programs/stm/gcc-arm-none-eabi-4_9-141220/bin/../lib/gcc/arm-none-eabi/4.9.3/../../../../arm-none-eabi/lib/armv7-m\libg_nano.a(lib_a-nano-msizer.o)
                0x08001e64                _malloc_usable_size_r
 *(.rodata .rodata.*)
 .rodata.str1.4
                0x08001e78       0x27 ./system/src/stm32f1-stdperiph/misc.o
                                 0x28 (size before relaxing)
 *fill*         0x08001e9f        0x1 
 .rodata.str1.4
                0x08001ea0       0x30 ./system/src/stm32f1-stdperiph/stm32f10x_adc.o
 .rodata.str1.4
                0x08001ed0       0x30 ./system/src/stm32f1-stdperiph/stm32f10x_dma.o
 .rodata.str1.4
                0x08001f00       0x31 ./system/src/stm32f1-stdperiph/stm32f10x_gpio.o
                                 0x34 (size before relaxing)
 *fill*         0x08001f31        0x3 
 .rodata.str1.4
                0x08001f34       0x30 ./system/src/stm32f1-stdperiph/stm32f10x_rcc.o
 .rodata.str1.4
                0x08001f64       0x14 ./system/src/newlib/_exit.o
 .rodata.str1.4
                0x08001f78       0x6b ./system/src/newlib/assert.o
                                 0x70 (size before relaxing)
 *fill*         0x08001fe3        0x1 
 .rodata.str1.4
                0x08001fe4       0x29 ./system/src/diag/Trace.o
                                 0x30 (size before relaxing)
 *fill*         0x0800200d        0x3 
 .rodata.str1.4
                0x08002010      0x148 ./system/src/cortexm/exception_handlers.o
 .rodata.str1.1
                0x08002158        0x2 d:/programs/stm/gcc-arm-none-eabi-4_9-141220/bin/../lib/gcc/arm-none-eabi/4.9.3/../../../../arm-none-eabi/lib/armv7-m\libg_nano.a(lib_a-impure.o)
 .rodata.str1.1
                0x0800215a       0x11 d:/programs/stm/gcc-arm-none-eabi-4_9-141220/bin/../lib/gcc/arm-none-eabi/4.9.3/../../../../arm-none-eabi/lib/armv7-m\libg_nano.a(lib_a-nano-svfprintf.o)
 .rodata.str1.1
                0x0800216b       0x22 d:/programs/stm/gcc-arm-none-eabi-4_9-141220/bin/../lib/gcc/arm-none-eabi/4.9.3/../../../../arm-none-eabi/lib/armv7-m\libg_nano.a(lib_a-nano-vfprintf_i.o)
 *(vtable)
 *(.eh_frame*)
 *(.glue_7)
 .glue_7        0x0800218d        0x0 linker stubs
 *(.glue_7t)
 .glue_7t       0x0800218d        0x0 linker stubs

.vfp11_veneer   0x08002190        0x0
 .vfp11_veneer  0x08002190        0x0 linker stubs

.v4_bx          0x08002190        0x0
 .v4_bx         0x08002190        0x0 linker stubs

.iplt           0x08002190        0x0
 .iplt          0x08002190        0x0 ./system/src/stm32f1-stdperiph/misc.o

.rel.dyn        0x08002190        0x0
 .rel.iplt      0x08002190        0x0 ./system/src/stm32f1-stdperiph/misc.o

.ARM.extab
 *(.ARM.extab* .gnu.linkonce.armextab.*)
                0x08002190                __exidx_start = .

.ARM.exidx
 *(.ARM.exidx* .gnu.linkonce.armexidx.*)
                0x08002190                __exidx_end = .
                0x08002190                . = ALIGN (0x4)
                0x08002190                _etext = .
                0x08002190                __etext = .
                0x08002190                _sidata = _etext

.data           0x20000000       0x88 load address 0x08002190
                0x20000000                . = ALIGN (0x4)
                0x20000000                _sdata = .
                0x20000000                __data_start__ = .
 *(.data_begin .data_begin.*)
 .data_begin    0x20000000        0x4 ./system/src/newlib/_startup.o
 *(.data .data.*)
 .data.argv.4526
                0x20000004        0x8 ./system/src/newlib/_syscalls.o
 .data.AHBPrescTable
                0x2000000c       0x10 ./system/src/cmsis/system_stm32f10x.o
                0x2000000c                AHBPrescTable
 .data.SystemCoreClock
                0x2000001c        0x4 ./system/src/cmsis/system_stm32f10x.o
                0x2000001c                SystemCoreClock
 .data.impure_data
                0x20000020       0x60 d:/programs/stm/gcc-arm-none-eabi-4_9-141220/bin/../lib/gcc/arm-none-eabi/4.9.3/../../../../arm-none-eabi/lib/armv7-m\libg_nano.a(lib_a-impure.o)
 .data._impure_ptr
                0x20000080        0x4 d:/programs/stm/gcc-arm-none-eabi-4_9-141220/bin/../lib/gcc/arm-none-eabi/4.9.3/../../../../arm-none-eabi/lib/armv7-m\libg_nano.a(lib_a-impure.o)
                0x20000080                _impure_ptr
 *(.data_end .data_end.*)
 .data_end      0x20000084        0x4 ./system/src/newlib/_startup.o
                0x20000088                . = ALIGN (0x4)
                0x20000088                _edata = .
                0x20000088                __data_end__ = .

.igot.plt       0x20000088        0x0 load address 0x08002218
 .igot.plt      0x20000088        0x0 ./system/src/stm32f1-stdperiph/misc.o

.bss            0x20000088       0xb0 load address 0x08002218
                0x20000088                . = ALIGN (0x4)
                0x20000088                __bss_start__ = .
                0x20000088                _sbss = .
 *(.bss_begin .bss_begin.*)
 .bss_begin     0x20000088        0x4 ./system/src/newlib/_startup.o
 *(.bss .bss.*)
 .bss.current_heap_end.4320
                0x2000008c        0x4 ./system/src/newlib/_sbrk.o
 .bss.name.4525
                0x20000090        0x4 ./system/src/newlib/_syscalls.o
 .bss.buf.5454  0x20000094       0x80 ./system/src/diag/Trace.o
 .bss.__malloc_sbrk_start
                0x20000114        0x4 d:/programs/stm/gcc-arm-none-eabi-4_9-141220/bin/../lib/gcc/arm-none-eabi/4.9.3/../../../../arm-none-eabi/lib/armv7-m\libg_nano.a(lib_a-nano-mallocr.o)
                0x20000114                __malloc_sbrk_start
 .bss.__malloc_free_list
                0x20000118        0x4 d:/programs/stm/gcc-arm-none-eabi-4_9-141220/bin/../lib/gcc/arm-none-eabi/4.9.3/../../../../arm-none-eabi/lib/armv7-m\libg_nano.a(lib_a-nano-mallocr.o)
                0x20000118                __malloc_free_list
 *(COMMON)
 COMMON         0x2000011c        0x4 ./system/src/newlib/_syscalls.o
                0x2000011c                errno
 COMMON         0x20000120        0x4 ./src/Timer.o
                0x20000120                timer_delayCount
 COMMON         0x20000124       0x10 ./src/main.o
                0x20000124                ADC_ConvertedValue
 *(.bss_end .bss_end.*)
 .bss_end       0x20000134        0x4 ./system/src/newlib/_startup.o
                0x20000138                . = ALIGN (0x4)
                0x20000138                __bss_end__ = .
                0x20000138                _ebss = .

.noinit         0x20000138        0x0
                0x20000138                . = ALIGN (0x4)
                0x20000138                _noinit = .
 *(.noinit .noinit.*)
                0x20000138                . = ALIGN (0x4)
                0x20000138                _end_noinit = .
                0x20000138                PROVIDE (end, _end_noinit)
                0x20000138                PROVIDE (_end, _end_noinit)
                0x20000138                PROVIDE (__end, _end_noinit)
                0x20000138                PROVIDE (__end__, _end_noinit)

._check_stack   0x20000138      0x100 load address 0x080022c8
                0x20000138                . = ALIGN (0x4)
                0x20000238                . = (. + _Minimum_Stack_Size)
 *fill*         0x20000138      0x100 
                0x20000238                . = ALIGN (0x4)

.bss_CCMRAM
 *(.bss.CCMRAM .bss.CCMRAM.*)

.b1text
 *(.b1text)
 *(.b1rodata)
 *(.b1rodata.*)

.eb0text
 *(.eb0text)
 *(.eb0rodata)
 *(.eb0rodata.*)

.eb1text
 *(.eb1text)
 *(.eb1rodata)
 *(.eb1rodata.*)

.eb2text
 *(.eb2text)
 *(.eb2rodata)
 *(.eb2rodata.*)

.eb3text
 *(.eb3text)
 *(.eb3rodata)
 *(.eb3rodata.*)

.stab
 *(.stab)

.stabstr
 *(.stabstr)

.stab.excl
 *(.stab.excl)

.stab.exclstr
 *(.stab.exclstr)

.stab.index
 *(.stab.index)

.stab.indexstr
 *(.stab.indexstr)

.comment        0x00000000       0x6a
 *(.comment)
 .comment       0x00000000       0x6a ./system/src/stm32f1-stdperiph/misc.o
                                 0x6b (size before relaxing)
 .comment       0x0000006a       0x6b ./system/src/stm32f1-stdperiph/stm32f10x_adc.o
 .comment       0x0000006a       0x6b ./system/src/stm32f1-stdperiph/stm32f10x_dma.o
 .comment       0x0000006a       0x6b ./system/src/stm32f1-stdperiph/stm32f10x_gpio.o
 .comment       0x0000006a       0x6b ./system/src/stm32f1-stdperiph/stm32f10x_rcc.o
 .comment       0x0000006a       0x6b ./system/src/newlib/_exit.o
 .comment       0x0000006a       0x6b ./system/src/newlib/_sbrk.o
 .comment       0x0000006a       0x6b ./system/src/newlib/_startup.o
 .comment       0x0000006a       0x6b ./system/src/newlib/_syscalls.o
 .comment       0x0000006a       0x6b ./system/src/newlib/assert.o
 .comment       0x0000006a       0x6b ./system/src/diag/Trace.o
 .comment       0x0000006a       0x6b ./system/src/diag/trace_impl.o
 .comment       0x0000006a       0x6b ./system/src/cortexm/_initialize_hardware.o
 .comment       0x0000006a       0x6b ./system/src/cortexm/exception_handlers.o
 .comment       0x0000006a       0x6b ./system/src/cmsis/system_stm32f10x.o
 .comment       0x0000006a       0x6b ./system/src/cmsis/vectors_stm32f10x.o
 .comment       0x0000006a       0x6b ./src/Timer.o
 .comment       0x0000006a       0x6b ./src/main.o
 .comment       0x0000006a       0x6b d:/programs/stm/gcc-arm-none-eabi-4_9-141220/bin/../lib/gcc/arm-none-eabi/4.9.3/../../../../arm-none-eabi/lib/armv7-m\libg_nano.a(lib_a-errno.o)
 .comment       0x0000006a       0x6b d:/programs/stm/gcc-arm-none-eabi-4_9-141220/bin/../lib/gcc/arm-none-eabi/4.9.3/../../../../arm-none-eabi/lib/armv7-m\libg_nano.a(lib_a-impure.o)
 .comment       0x0000006a       0x6b d:/programs/stm/gcc-arm-none-eabi-4_9-141220/bin/../lib/gcc/arm-none-eabi/4.9.3/../../../../arm-none-eabi/lib/armv7-m\libg_nano.a(lib_a-strlen.o)
 .comment       0x0000006a       0x6b d:/programs/stm/gcc-arm-none-eabi-4_9-141220/bin/../lib/gcc/arm-none-eabi/4.9.3/../../../../arm-none-eabi/lib/armv7-m\libg_nano.a(lib_a-vsnprintf.o)
 .comment       0x0000006a       0x6b d:/programs/stm/gcc-arm-none-eabi-4_9-141220/bin/../lib/gcc/arm-none-eabi/4.9.3/../../../../arm-none-eabi/lib/armv7-m\libg_nano.a(lib_a-nano-svfprintf.o)
 .comment       0x0000006a       0x6b d:/programs/stm/gcc-arm-none-eabi-4_9-141220/bin/../lib/gcc/arm-none-eabi/4.9.3/../../../../arm-none-eabi/lib/armv7-m\libg_nano.a(lib_a-nano-vfprintf_i.o)
 .comment       0x0000006a       0x6b d:/programs/stm/gcc-arm-none-eabi-4_9-141220/bin/../lib/gcc/arm-none-eabi/4.9.3/../../../../arm-none-eabi/lib/armv7-m\libg_nano.a(lib_a-memchr.o)
 .comment       0x0000006a       0x6b d:/programs/stm/gcc-arm-none-eabi-4_9-141220/bin/../lib/gcc/arm-none-eabi/4.9.3/../../../../arm-none-eabi/lib/armv7-m\libg_nano.a(lib_a-memcpy.o)
 .comment       0x0000006a       0x6b d:/programs/stm/gcc-arm-none-eabi-4_9-141220/bin/../lib/gcc/arm-none-eabi/4.9.3/../../../../arm-none-eabi/lib/armv7-m\libg_nano.a(lib_a-memmove.o)
 .comment       0x0000006a       0x6b d:/programs/stm/gcc-arm-none-eabi-4_9-141220/bin/../lib/gcc/arm-none-eabi/4.9.3/../../../../arm-none-eabi/lib/armv7-m\libg_nano.a(lib_a-nano-freer.o)
 .comment       0x0000006a       0x6b d:/programs/stm/gcc-arm-none-eabi-4_9-141220/bin/../lib/gcc/arm-none-eabi/4.9.3/../../../../arm-none-eabi/lib/armv7-m\libg_nano.a(lib_a-nano-mallocr.o)
 .comment       0x0000006a       0x6b d:/programs/stm/gcc-arm-none-eabi-4_9-141220/bin/../lib/gcc/arm-none-eabi/4.9.3/../../../../arm-none-eabi/lib/armv7-m\libg_nano.a(lib_a-nano-reallocr.o)
 .comment       0x0000006a       0x6b d:/programs/stm/gcc-arm-none-eabi-4_9-141220/bin/../lib/gcc/arm-none-eabi/4.9.3/../../../../arm-none-eabi/lib/armv7-m\libg_nano.a(lib_a-sbrkr.o)
 .comment       0x0000006a       0x6b d:/programs/stm/gcc-arm-none-eabi-4_9-141220/bin/../lib/gcc/arm-none-eabi/4.9.3/../../../../arm-none-eabi/lib/armv7-m\libg_nano.a(lib_a-nano-msizer.o)

.ARM.attributes
                0x00000000       0x33
 .ARM.attributes
                0x00000000       0x33 ./system/src/stm32f1-stdperiph/misc.o
 .ARM.attributes
                0x00000033       0x33 ./system/src/stm32f1-stdperiph/stm32f10x_adc.o
 .ARM.attributes
                0x00000066       0x33 ./system/src/stm32f1-stdperiph/stm32f10x_dma.o
 .ARM.attributes
                0x00000099       0x33 ./system/src/stm32f1-stdperiph/stm32f10x_gpio.o
 .ARM.attributes
                0x000000cc       0x33 ./system/src/stm32f1-stdperiph/stm32f10x_rcc.o
 .ARM.attributes
                0x000000ff       0x33 ./system/src/newlib/_exit.o
 .ARM.attributes
                0x00000132       0x33 ./system/src/newlib/_sbrk.o
 .ARM.attributes
                0x00000165       0x33 ./system/src/newlib/_startup.o
 .ARM.attributes
                0x00000198       0x33 ./system/src/newlib/_syscalls.o
 .ARM.attributes
                0x000001cb       0x33 ./system/src/newlib/assert.o
 .ARM.attributes
                0x000001fe       0x33 ./system/src/diag/Trace.o
 .ARM.attributes
                0x00000231       0x33 ./system/src/diag/trace_impl.o
 .ARM.attributes
                0x00000264       0x33 ./system/src/cortexm/_initialize_hardware.o
 .ARM.attributes
                0x00000297       0x33 ./system/src/cortexm/exception_handlers.o
 .ARM.attributes
                0x000002ca       0x33 ./system/src/cmsis/system_stm32f10x.o
 .ARM.attributes
                0x000002fd       0x33 ./system/src/cmsis/vectors_stm32f10x.o
 .ARM.attributes
                0x00000330       0x33 ./src/Timer.o
 .ARM.attributes
                0x00000363       0x33 ./src/main.o
 .ARM.attributes
                0x00000396       0x2d d:/programs/stm/gcc-arm-none-eabi-4_9-141220/bin/../lib/gcc/arm-none-eabi/4.9.3/../../../../arm-none-eabi/lib/armv7-m\libg_nano.a(lib_a-errno.o)
 .ARM.attributes
                0x000003c3       0x2d d:/programs/stm/gcc-arm-none-eabi-4_9-141220/bin/../lib/gcc/arm-none-eabi/4.9.3/../../../../arm-none-eabi/lib/armv7-m\libg_nano.a(lib_a-impure.o)
 .ARM.attributes
                0x000003f0       0x2d d:/programs/stm/gcc-arm-none-eabi-4_9-141220/bin/../lib/gcc/arm-none-eabi/4.9.3/../../../../arm-none-eabi/lib/armv7-m\libg_nano.a(lib_a-strlen.o)
 .ARM.attributes
                0x0000041d       0x2d d:/programs/stm/gcc-arm-none-eabi-4_9-141220/bin/../lib/gcc/arm-none-eabi/4.9.3/../../../../arm-none-eabi/lib/armv7-m\libg_nano.a(lib_a-vsnprintf.o)
 .ARM.attributes
                0x0000044a       0x2d d:/programs/stm/gcc-arm-none-eabi-4_9-141220/bin/../lib/gcc/arm-none-eabi/4.9.3/../../../../arm-none-eabi/lib/armv7-m\libg_nano.a(lib_a-nano-svfprintf.o)
 .ARM.attributes
                0x00000477       0x2d d:/programs/stm/gcc-arm-none-eabi-4_9-141220/bin/../lib/gcc/arm-none-eabi/4.9.3/../../../../arm-none-eabi/lib/armv7-m\libg_nano.a(lib_a-nano-vfprintf_i.o)
 .ARM.attributes
                0x000004a4       0x2d d:/programs/stm/gcc-arm-none-eabi-4_9-141220/bin/../lib/gcc/arm-none-eabi/4.9.3/../../../../arm-none-eabi/lib/armv7-m\libg_nano.a(lib_a-memchr.o)
 .ARM.attributes
                0x000004d1       0x2d d:/programs/stm/gcc-arm-none-eabi-4_9-141220/bin/../lib/gcc/arm-none-eabi/4.9.3/../../../../arm-none-eabi/lib/armv7-m\libg_nano.a(lib_a-memcpy.o)
 .ARM.attributes
                0x000004fe       0x2d d:/programs/stm/gcc-arm-none-eabi-4_9-141220/bin/../lib/gcc/arm-none-eabi/4.9.3/../../../../arm-none-eabi/lib/armv7-m\libg_nano.a(lib_a-memmove.o)
 .ARM.attributes
                0x0000052b       0x2d d:/programs/stm/gcc-arm-none-eabi-4_9-141220/bin/../lib/gcc/arm-none-eabi/4.9.3/../../../../arm-none-eabi/lib/armv7-m\libg_nano.a(lib_a-nano-freer.o)
 .ARM.attributes
                0x00000558       0x2d d:/programs/stm/gcc-arm-none-eabi-4_9-141220/bin/../lib/gcc/arm-none-eabi/4.9.3/../../../../arm-none-eabi/lib/armv7-m\libg_nano.a(lib_a-nano-mallocr.o)
 .ARM.attributes
                0x00000585       0x2d d:/programs/stm/gcc-arm-none-eabi-4_9-141220/bin/../lib/gcc/arm-none-eabi/4.9.3/../../../../arm-none-eabi/lib/armv7-m\libg_nano.a(lib_a-nano-reallocr.o)
 .ARM.attributes
                0x000005b2       0x2d d:/programs/stm/gcc-arm-none-eabi-4_9-141220/bin/../lib/gcc/arm-none-eabi/4.9.3/../../../../arm-none-eabi/lib/armv7-m\libg_nano.a(lib_a-sbrkr.o)
 .ARM.attributes
                0x000005df       0x2d d:/programs/stm/gcc-arm-none-eabi-4_9-141220/bin/../lib/gcc/arm-none-eabi/4.9.3/../../../../arm-none-eabi/lib/armv7-m\libg_nano.a(lib_a-nano-msizer.o)

.debug
 *(.debug)

.line
 *(.line)

.debug_srcinfo
 *(.debug_srcinfo)

.debug_sfnames
 *(.debug_sfnames)

.debug_aranges  0x00000000      0x8d8
 *(.debug_aranges)
 .debug_aranges
                0x00000000       0x40 ./system/src/stm32f1-stdperiph/misc.o
 .debug_aranges
                0x00000040      0x138 ./system/src/stm32f1-stdperiph/stm32f10x_adc.o
 .debug_aranges
                0x00000178       0x70 ./system/src/stm32f1-stdperiph/stm32f10x_dma.o
 .debug_aranges
                0x000001e8       0xa8 ./system/src/stm32f1-stdperiph/stm32f10x_gpio.o
 .debug_aranges
                0x00000290      0x120 ./system/src/stm32f1-stdperiph/stm32f10x_rcc.o
 .debug_aranges
                0x000003b0       0x28 ./system/src/newlib/_exit.o
 .debug_aranges
                0x000003d8       0x20 ./system/src/newlib/_sbrk.o
 .debug_aranges
                0x000003f8       0x40 ./system/src/newlib/_startup.o
 .debug_aranges
                0x00000438       0xd0 ./system/src/newlib/_syscalls.o
 .debug_aranges
                0x00000508       0x28 ./system/src/newlib/assert.o
 .debug_aranges
                0x00000530       0x38 ./system/src/diag/Trace.o
 .debug_aranges
                0x00000568       0x30 ./system/src/diag/trace_impl.o
 .debug_aranges
                0x00000598       0x28 ./system/src/cortexm/_initialize_hardware.o
 .debug_aranges
                0x000005c0       0x88 ./system/src/cortexm/exception_handlers.o
 .debug_aranges
                0x00000648       0x38 ./system/src/cmsis/system_stm32f10x.o
 .debug_aranges
                0x00000680       0x20 ./system/src/cmsis/vectors_stm32f10x.o
 .debug_aranges
                0x000006a0       0x38 ./src/Timer.o
 .debug_aranges
                0x000006d8       0x28 ./src/main.o
 .debug_aranges
                0x00000700       0x20 d:/programs/stm/gcc-arm-none-eabi-4_9-141220/bin/../lib/gcc/arm-none-eabi/4.9.3/../../../../arm-none-eabi/lib/armv7-m\libg_nano.a(lib_a-errno.o)
 .debug_aranges
                0x00000720       0x18 d:/programs/stm/gcc-arm-none-eabi-4_9-141220/bin/../lib/gcc/arm-none-eabi/4.9.3/../../../../arm-none-eabi/lib/armv7-m\libg_nano.a(lib_a-impure.o)
 .debug_aranges
                0x00000738       0x20 d:/programs/stm/gcc-arm-none-eabi-4_9-141220/bin/../lib/gcc/arm-none-eabi/4.9.3/../../../../arm-none-eabi/lib/armv7-m\libg_nano.a(lib_a-strlen.o)
 .debug_aranges
                0x00000758       0x28 d:/programs/stm/gcc-arm-none-eabi-4_9-141220/bin/../lib/gcc/arm-none-eabi/4.9.3/../../../../arm-none-eabi/lib/armv7-m\libg_nano.a(lib_a-vsnprintf.o)
 .debug_aranges
                0x00000780       0x30 d:/programs/stm/gcc-arm-none-eabi-4_9-141220/bin/../lib/gcc/arm-none-eabi/4.9.3/../../../../arm-none-eabi/lib/armv7-m\libg_nano.a(lib_a-nano-svfprintf.o)
 .debug_aranges
                0x000007b0       0x28 d:/programs/stm/gcc-arm-none-eabi-4_9-141220/bin/../lib/gcc/arm-none-eabi/4.9.3/../../../../arm-none-eabi/lib/armv7-m\libg_nano.a(lib_a-nano-vfprintf_i.o)
 .debug_aranges
                0x000007d8       0x20 d:/programs/stm/gcc-arm-none-eabi-4_9-141220/bin/../lib/gcc/arm-none-eabi/4.9.3/../../../../arm-none-eabi/lib/armv7-m\libg_nano.a(lib_a-memchr.o)
 .debug_aranges
                0x000007f8       0x20 d:/programs/stm/gcc-arm-none-eabi-4_9-141220/bin/../lib/gcc/arm-none-eabi/4.9.3/../../../../arm-none-eabi/lib/armv7-m\libg_nano.a(lib_a-memcpy.o)
 .debug_aranges
                0x00000818       0x20 d:/programs/stm/gcc-arm-none-eabi-4_9-141220/bin/../lib/gcc/arm-none-eabi/4.9.3/../../../../arm-none-eabi/lib/armv7-m\libg_nano.a(lib_a-memmove.o)
 .debug_aranges
                0x00000838       0x20 d:/programs/stm/gcc-arm-none-eabi-4_9-141220/bin/../lib/gcc/arm-none-eabi/4.9.3/../../../../arm-none-eabi/lib/armv7-m\libg_nano.a(lib_a-nano-freer.o)
 .debug_aranges
                0x00000858       0x20 d:/programs/stm/gcc-arm-none-eabi-4_9-141220/bin/../lib/gcc/arm-none-eabi/4.9.3/../../../../arm-none-eabi/lib/armv7-m\libg_nano.a(lib_a-nano-mallocr.o)
 .debug_aranges
                0x00000878       0x20 d:/programs/stm/gcc-arm-none-eabi-4_9-141220/bin/../lib/gcc/arm-none-eabi/4.9.3/../../../../arm-none-eabi/lib/armv7-m\libg_nano.a(lib_a-nano-reallocr.o)
 .debug_aranges
                0x00000898       0x20 d:/programs/stm/gcc-arm-none-eabi-4_9-141220/bin/../lib/gcc/arm-none-eabi/4.9.3/../../../../arm-none-eabi/lib/armv7-m\libg_nano.a(lib_a-sbrkr.o)
 .debug_aranges
                0x000008b8       0x20 d:/programs/stm/gcc-arm-none-eabi-4_9-141220/bin/../lib/gcc/arm-none-eabi/4.9.3/../../../../arm-none-eabi/lib/armv7-m\libg_nano.a(lib_a-nano-msizer.o)

.debug_pubnames
 *(.debug_pubnames)

.debug_info     0x00000000     0xd166
 *(.debug_info .gnu.linkonce.wi.*)
 .debug_info    0x00000000      0x65c ./system/src/stm32f1-stdperiph/misc.o
 .debug_info    0x0000065c     0x1462 ./system/src/stm32f1-stdperiph/stm32f10x_adc.o
 .debug_info    0x00001abe      0x721 ./system/src/stm32f1-stdperiph/stm32f10x_dma.o
 .debug_info    0x000021df      0xc00 ./system/src/stm32f1-stdperiph/stm32f10x_gpio.o
 .debug_info    0x00002ddf      0xd40 ./system/src/stm32f1-stdperiph/stm32f10x_rcc.o
 .debug_info    0x00003b1f      0x100 ./system/src/newlib/_exit.o
 .debug_info    0x00003c1f      0x125 ./system/src/newlib/_sbrk.o
 .debug_info    0x00003d44      0x47f ./system/src/newlib/_startup.o
 .debug_info    0x000041c3      0x8f3 ./system/src/newlib/_syscalls.o
 .debug_info    0x00004ab6      0x1c6 ./system/src/newlib/assert.o
 .debug_info    0x00004c7c      0x32b ./system/src/diag/Trace.o
 .debug_info    0x00004fa7      0x3fe ./system/src/diag/trace_impl.o
 .debug_info    0x000053a5       0xea ./system/src/cortexm/_initialize_hardware.o
 .debug_info    0x0000548f      0x7b7 ./system/src/cortexm/exception_handlers.o
 .debug_info    0x00005c46      0x442 ./system/src/cmsis/system_stm32f10x.o
 .debug_info    0x00006088       0xd1 ./system/src/cmsis/vectors_stm32f10x.o
 .debug_info    0x00006159      0x633 ./src/Timer.o
 .debug_info    0x0000678c      0xc3c ./src/main.o
 .debug_info    0x000073c8      0x731 d:/programs/stm/gcc-arm-none-eabi-4_9-141220/bin/../lib/gcc/arm-none-eabi/4.9.3/../../../../arm-none-eabi/lib/armv7-m\libg_nano.a(lib_a-errno.o)
 .debug_info    0x00007af9      0x7cf d:/programs/stm/gcc-arm-none-eabi-4_9-141220/bin/../lib/gcc/arm-none-eabi/4.9.3/../../../../arm-none-eabi/lib/armv7-m\libg_nano.a(lib_a-impure.o)
 .debug_info    0x000082c8       0xc9 d:/programs/stm/gcc-arm-none-eabi-4_9-141220/bin/../lib/gcc/arm-none-eabi/4.9.3/../../../../arm-none-eabi/lib/armv7-m\libg_nano.a(lib_a-strlen.o)
 .debug_info    0x00008391      0x897 d:/programs/stm/gcc-arm-none-eabi-4_9-141220/bin/../lib/gcc/arm-none-eabi/4.9.3/../../../../arm-none-eabi/lib/armv7-m\libg_nano.a(lib_a-vsnprintf.o)
 .debug_info    0x00008c28      0xde3 d:/programs/stm/gcc-arm-none-eabi-4_9-141220/bin/../lib/gcc/arm-none-eabi/4.9.3/../../../../arm-none-eabi/lib/armv7-m\libg_nano.a(lib_a-nano-svfprintf.o)
 .debug_info    0x00009a0b      0xb4a d:/programs/stm/gcc-arm-none-eabi-4_9-141220/bin/../lib/gcc/arm-none-eabi/4.9.3/../../../../arm-none-eabi/lib/armv7-m\libg_nano.a(lib_a-nano-vfprintf_i.o)
 .debug_info    0x0000a555       0xf4 d:/programs/stm/gcc-arm-none-eabi-4_9-141220/bin/../lib/gcc/arm-none-eabi/4.9.3/../../../../arm-none-eabi/lib/armv7-m\libg_nano.a(lib_a-memchr.o)
 .debug_info    0x0000a649      0x100 d:/programs/stm/gcc-arm-none-eabi-4_9-141220/bin/../lib/gcc/arm-none-eabi/4.9.3/../../../../arm-none-eabi/lib/armv7-m\libg_nano.a(lib_a-memcpy.o)
 .debug_info    0x0000a749       0xfe d:/programs/stm/gcc-arm-none-eabi-4_9-141220/bin/../lib/gcc/arm-none-eabi/4.9.3/../../../../arm-none-eabi/lib/armv7-m\libg_nano.a(lib_a-memmove.o)
 .debug_info    0x0000a847      0x81a d:/programs/stm/gcc-arm-none-eabi-4_9-141220/bin/../lib/gcc/arm-none-eabi/4.9.3/../../../../arm-none-eabi/lib/armv7-m\libg_nano.a(lib_a-nano-freer.o)
 .debug_info    0x0000b061      0x8fb d:/programs/stm/gcc-arm-none-eabi-4_9-141220/bin/../lib/gcc/arm-none-eabi/4.9.3/../../../../arm-none-eabi/lib/armv7-m\libg_nano.a(lib_a-nano-mallocr.o)
 .debug_info    0x0000b95c      0x8b5 d:/programs/stm/gcc-arm-none-eabi-4_9-141220/bin/../lib/gcc/arm-none-eabi/4.9.3/../../../../arm-none-eabi/lib/armv7-m\libg_nano.a(lib_a-nano-reallocr.o)
 .debug_info    0x0000c211      0x79c d:/programs/stm/gcc-arm-none-eabi-4_9-141220/bin/../lib/gcc/arm-none-eabi/4.9.3/../../../../arm-none-eabi/lib/armv7-m\libg_nano.a(lib_a-sbrkr.o)
 .debug_info    0x0000c9ad      0x7b9 d:/programs/stm/gcc-arm-none-eabi-4_9-141220/bin/../lib/gcc/arm-none-eabi/4.9.3/../../../../arm-none-eabi/lib/armv7-m\libg_nano.a(lib_a-nano-msizer.o)

.debug_abbrev   0x00000000     0x2d91
 *(.debug_abbrev)
 .debug_abbrev  0x00000000      0x188 ./system/src/stm32f1-stdperiph/misc.o
 .debug_abbrev  0x00000188      0x1e1 ./system/src/stm32f1-stdperiph/stm32f10x_adc.o
 .debug_abbrev  0x00000369      0x1a7 ./system/src/stm32f1-stdperiph/stm32f10x_dma.o
 .debug_abbrev  0x00000510      0x1f9 ./system/src/stm32f1-stdperiph/stm32f10x_gpio.o
 .debug_abbrev  0x00000709      0x1ff ./system/src/stm32f1-stdperiph/stm32f10x_rcc.o
 .debug_abbrev  0x00000908       0xa4 ./system/src/newlib/_exit.o
 .debug_abbrev  0x000009ac       0xbb ./system/src/newlib/_sbrk.o
 .debug_abbrev  0x00000a67      0x1e9 ./system/src/newlib/_startup.o
 .debug_abbrev  0x00000c50      0x178 ./system/src/newlib/_syscalls.o
 .debug_abbrev  0x00000dc8       0xc9 ./system/src/newlib/assert.o
 .debug_abbrev  0x00000e91      0x178 ./system/src/diag/Trace.o
 .debug_abbrev  0x00001009      0x188 ./system/src/diag/trace_impl.o
 .debug_abbrev  0x00001191       0x88 ./system/src/cortexm/_initialize_hardware.o
 .debug_abbrev  0x00001219      0x1d6 ./system/src/cortexm/exception_handlers.o
 .debug_abbrev  0x000013ef      0x157 ./system/src/cmsis/system_stm32f10x.o
 .debug_abbrev  0x00001546       0x9d ./system/src/cmsis/vectors_stm32f10x.o
 .debug_abbrev  0x000015e3      0x1b5 ./src/Timer.o
 .debug_abbrev  0x00001798      0x225 ./src/main.o
 .debug_abbrev  0x000019bd      0x132 d:/programs/stm/gcc-arm-none-eabi-4_9-141220/bin/../lib/gcc/arm-none-eabi/4.9.3/../../../../arm-none-eabi/lib/armv7-m\libg_nano.a(lib_a-errno.o)
 .debug_abbrev  0x00001aef      0x134 d:/programs/stm/gcc-arm-none-eabi-4_9-141220/bin/../lib/gcc/arm-none-eabi/4.9.3/../../../../arm-none-eabi/lib/armv7-m\libg_nano.a(lib_a-impure.o)
 .debug_abbrev  0x00001c23       0x8a d:/programs/stm/gcc-arm-none-eabi-4_9-141220/bin/../lib/gcc/arm-none-eabi/4.9.3/../../../../arm-none-eabi/lib/armv7-m\libg_nano.a(lib_a-strlen.o)
 .debug_abbrev  0x00001cad      0x1ba d:/programs/stm/gcc-arm-none-eabi-4_9-141220/bin/../lib/gcc/arm-none-eabi/4.9.3/../../../../arm-none-eabi/lib/armv7-m\libg_nano.a(lib_a-vsnprintf.o)
 .debug_abbrev  0x00001e67      0x278 d:/programs/stm/gcc-arm-none-eabi-4_9-141220/bin/../lib/gcc/arm-none-eabi/4.9.3/../../../../arm-none-eabi/lib/armv7-m\libg_nano.a(lib_a-nano-svfprintf.o)
 .debug_abbrev  0x000020df      0x1fb d:/programs/stm/gcc-arm-none-eabi-4_9-141220/bin/../lib/gcc/arm-none-eabi/4.9.3/../../../../arm-none-eabi/lib/armv7-m\libg_nano.a(lib_a-nano-vfprintf_i.o)
 .debug_abbrev  0x000022da       0xa9 d:/programs/stm/gcc-arm-none-eabi-4_9-141220/bin/../lib/gcc/arm-none-eabi/4.9.3/../../../../arm-none-eabi/lib/armv7-m\libg_nano.a(lib_a-memchr.o)
 .debug_abbrev  0x00002383       0xa2 d:/programs/stm/gcc-arm-none-eabi-4_9-141220/bin/../lib/gcc/arm-none-eabi/4.9.3/../../../../arm-none-eabi/lib/armv7-m\libg_nano.a(lib_a-memcpy.o)
 .debug_abbrev  0x00002425       0x9a d:/programs/stm/gcc-arm-none-eabi-4_9-141220/bin/../lib/gcc/arm-none-eabi/4.9.3/../../../../arm-none-eabi/lib/armv7-m\libg_nano.a(lib_a-memmove.o)
 .debug_abbrev  0x000024bf      0x1b6 d:/programs/stm/gcc-arm-none-eabi-4_9-141220/bin/../lib/gcc/arm-none-eabi/4.9.3/../../../../arm-none-eabi/lib/armv7-m\libg_nano.a(lib_a-nano-freer.o)
 .debug_abbrev  0x00002675      0x250 d:/programs/stm/gcc-arm-none-eabi-4_9-141220/bin/../lib/gcc/arm-none-eabi/4.9.3/../../../../arm-none-eabi/lib/armv7-m\libg_nano.a(lib_a-nano-mallocr.o)
 .debug_abbrev  0x000028c5      0x1cb d:/programs/stm/gcc-arm-none-eabi-4_9-141220/bin/../lib/gcc/arm-none-eabi/4.9.3/../../../../arm-none-eabi/lib/armv7-m\libg_nano.a(lib_a-nano-reallocr.o)
 .debug_abbrev  0x00002a90      0x1a0 d:/programs/stm/gcc-arm-none-eabi-4_9-141220/bin/../lib/gcc/arm-none-eabi/4.9.3/../../../../arm-none-eabi/lib/armv7-m\libg_nano.a(lib_a-sbrkr.o)
 .debug_abbrev  0x00002c30      0x161 d:/programs/stm/gcc-arm-none-eabi-4_9-141220/bin/../lib/gcc/arm-none-eabi/4.9.3/../../../../arm-none-eabi/lib/armv7-m\libg_nano.a(lib_a-nano-msizer.o)

.debug_line     0x00000000     0x75b7
 *(.debug_line)
 .debug_line    0x00000000      0x4f4 ./system/src/stm32f1-stdperiph/misc.o
 .debug_line    0x000004f4      0xbb8 ./system/src/stm32f1-stdperiph/stm32f10x_adc.o
 .debug_line    0x000010ac      0x94a ./system/src/stm32f1-stdperiph/stm32f10x_dma.o
 .debug_line    0x000019f6      0x9d1 ./system/src/stm32f1-stdperiph/stm32f10x_gpio.o
 .debug_line    0x000023c7      0x938 ./system/src/stm32f1-stdperiph/stm32f10x_rcc.o
 .debug_line    0x00002cff      0x29d ./system/src/newlib/_exit.o
 .debug_line    0x00002f9c      0x240 ./system/src/newlib/_sbrk.o
 .debug_line    0x000031dc      0x2fb ./system/src/newlib/_startup.o
 .debug_line    0x000034d7      0x4aa ./system/src/newlib/_syscalls.o
 .debug_line    0x00003981      0x2d1 ./system/src/newlib/assert.o
 .debug_line    0x00003c52      0x2f8 ./system/src/diag/Trace.o
 .debug_line    0x00003f4a      0x53a ./system/src/diag/trace_impl.o
 .debug_line    0x00004484      0x457 ./system/src/cortexm/_initialize_hardware.o
 .debug_line    0x000048db      0x601 ./system/src/cortexm/exception_handlers.o
 .debug_line    0x00004edc      0x4b3 ./system/src/cmsis/system_stm32f10x.o
 .debug_line    0x0000538f      0x1fb ./system/src/cmsis/vectors_stm32f10x.o
 .debug_line    0x0000558a      0x4ab ./src/Timer.o
 .debug_line    0x00005a35      0x5c2 ./src/main.o
 .debug_line    0x00005ff7      0x139 d:/programs/stm/gcc-arm-none-eabi-4_9-141220/bin/../lib/gcc/arm-none-eabi/4.9.3/../../../../arm-none-eabi/lib/armv7-m\libg_nano.a(lib_a-errno.o)
 .debug_line    0x00006130      0x11f d:/programs/stm/gcc-arm-none-eabi-4_9-141220/bin/../lib/gcc/arm-none-eabi/4.9.3/../../../../arm-none-eabi/lib/armv7-m\libg_nano.a(lib_a-impure.o)
 .debug_line    0x0000624f      0x120 d:/programs/stm/gcc-arm-none-eabi-4_9-141220/bin/../lib/gcc/arm-none-eabi/4.9.3/../../../../arm-none-eabi/lib/armv7-m\libg_nano.a(lib_a-strlen.o)
 .debug_line    0x0000636f      0x1ad d:/programs/stm/gcc-arm-none-eabi-4_9-141220/bin/../lib/gcc/arm-none-eabi/4.9.3/../../../../arm-none-eabi/lib/armv7-m\libg_nano.a(lib_a-vsnprintf.o)
 .debug_line    0x0000651c      0x2e9 d:/programs/stm/gcc-arm-none-eabi-4_9-141220/bin/../lib/gcc/arm-none-eabi/4.9.3/../../../../arm-none-eabi/lib/armv7-m\libg_nano.a(lib_a-nano-svfprintf.o)
 .debug_line    0x00006805      0x302 d:/programs/stm/gcc-arm-none-eabi-4_9-141220/bin/../lib/gcc/arm-none-eabi/4.9.3/../../../../arm-none-eabi/lib/armv7-m\libg_nano.a(lib_a-nano-vfprintf_i.o)
 .debug_line    0x00006b07      0x11e d:/programs/stm/gcc-arm-none-eabi-4_9-141220/bin/../lib/gcc/arm-none-eabi/4.9.3/../../../../arm-none-eabi/lib/armv7-m\libg_nano.a(lib_a-memchr.o)
 .debug_line    0x00006c25      0x11b d:/programs/stm/gcc-arm-none-eabi-4_9-141220/bin/../lib/gcc/arm-none-eabi/4.9.3/../../../../arm-none-eabi/lib/armv7-m\libg_nano.a(lib_a-memcpy.o)
 .debug_line    0x00006d40      0x129 d:/programs/stm/gcc-arm-none-eabi-4_9-141220/bin/../lib/gcc/arm-none-eabi/4.9.3/../../../../arm-none-eabi/lib/armv7-m\libg_nano.a(lib_a-memmove.o)
 .debug_line    0x00006e69      0x173 d:/programs/stm/gcc-arm-none-eabi-4_9-141220/bin/../lib/gcc/arm-none-eabi/4.9.3/../../../../arm-none-eabi/lib/armv7-m\libg_nano.a(lib_a-nano-freer.o)
 .debug_line    0x00006fdc      0x1a6 d:/programs/stm/gcc-arm-none-eabi-4_9-141220/bin/../lib/gcc/arm-none-eabi/4.9.3/../../../../arm-none-eabi/lib/armv7-m\libg_nano.a(lib_a-nano-mallocr.o)
 .debug_line    0x00007182      0x18b d:/programs/stm/gcc-arm-none-eabi-4_9-141220/bin/../lib/gcc/arm-none-eabi/4.9.3/../../../../arm-none-eabi/lib/armv7-m\libg_nano.a(lib_a-nano-reallocr.o)
 .debug_line    0x0000730d      0x16f d:/programs/stm/gcc-arm-none-eabi-4_9-141220/bin/../lib/gcc/arm-none-eabi/4.9.3/../../../../arm-none-eabi/lib/armv7-m\libg_nano.a(lib_a-sbrkr.o)
 .debug_line    0x0000747c      0x13b d:/programs/stm/gcc-arm-none-eabi-4_9-141220/bin/../lib/gcc/arm-none-eabi/4.9.3/../../../../arm-none-eabi/lib/armv7-m\libg_nano.a(lib_a-nano-msizer.o)

.debug_frame    0x00000000     0x1458
 *(.debug_frame)
 .debug_frame   0x00000000       0x90 ./system/src/stm32f1-stdperiph/misc.o
 .debug_frame   0x00000090      0x3d8 ./system/src/stm32f1-stdperiph/stm32f10x_adc.o
 .debug_frame   0x00000468      0x120 ./system/src/stm32f1-stdperiph/stm32f10x_dma.o
 .debug_frame   0x00000588      0x1e8 ./system/src/stm32f1-stdperiph/stm32f10x_gpio.o
 .debug_frame   0x00000770      0x338 ./system/src/stm32f1-stdperiph/stm32f10x_rcc.o
 .debug_frame   0x00000aa8       0x38 ./system/src/newlib/_exit.o
 .debug_frame   0x00000ae0       0x28 ./system/src/newlib/_sbrk.o
 .debug_frame   0x00000b08       0x7c ./system/src/newlib/_startup.o
 .debug_frame   0x00000b84      0x230 ./system/src/newlib/_syscalls.o
 .debug_frame   0x00000db4       0x40 ./system/src/newlib/assert.o
 .debug_frame   0x00000df4       0x94 ./system/src/diag/Trace.o
 .debug_frame   0x00000e88       0x54 ./system/src/diag/trace_impl.o
 .debug_frame   0x00000edc       0x40 ./system/src/cortexm/_initialize_hardware.o
 .debug_frame   0x00000f1c      0x144 ./system/src/cortexm/exception_handlers.o
 .debug_frame   0x00001060       0x68 ./system/src/cmsis/system_stm32f10x.o
 .debug_frame   0x000010c8       0x20 ./system/src/cmsis/vectors_stm32f10x.o
 .debug_frame   0x000010e8       0x58 ./src/Timer.o
 .debug_frame   0x00001140       0x4c ./src/main.o
 .debug_frame   0x0000118c       0x20 d:/programs/stm/gcc-arm-none-eabi-4_9-141220/bin/../lib/gcc/arm-none-eabi/4.9.3/../../../../arm-none-eabi/lib/armv7-m\libg_nano.a(lib_a-errno.o)
 .debug_frame   0x000011ac       0x20 d:/programs/stm/gcc-arm-none-eabi-4_9-141220/bin/../lib/gcc/arm-none-eabi/4.9.3/../../../../arm-none-eabi/lib/armv7-m\libg_nano.a(lib_a-strlen.o)
 .debug_frame   0x000011cc       0x50 d:/programs/stm/gcc-arm-none-eabi-4_9-141220/bin/../lib/gcc/arm-none-eabi/4.9.3/../../../../arm-none-eabi/lib/armv7-m\libg_nano.a(lib_a-vsnprintf.o)
 .debug_frame   0x0000121c       0x8c d:/programs/stm/gcc-arm-none-eabi-4_9-141220/bin/../lib/gcc/arm-none-eabi/4.9.3/../../../../arm-none-eabi/lib/armv7-m\libg_nano.a(lib_a-nano-svfprintf.o)
 .debug_frame   0x000012a8       0x58 d:/programs/stm/gcc-arm-none-eabi-4_9-141220/bin/../lib/gcc/arm-none-eabi/4.9.3/../../../../arm-none-eabi/lib/armv7-m\libg_nano.a(lib_a-nano-vfprintf_i.o)
 .debug_frame   0x00001300       0x28 d:/programs/stm/gcc-arm-none-eabi-4_9-141220/bin/../lib/gcc/arm-none-eabi/4.9.3/../../../../arm-none-eabi/lib/armv7-m\libg_nano.a(lib_a-memchr.o)
 .debug_frame   0x00001328       0x28 d:/programs/stm/gcc-arm-none-eabi-4_9-141220/bin/../lib/gcc/arm-none-eabi/4.9.3/../../../../arm-none-eabi/lib/armv7-m\libg_nano.a(lib_a-memcpy.o)
 .debug_frame   0x00001350       0x28 d:/programs/stm/gcc-arm-none-eabi-4_9-141220/bin/../lib/gcc/arm-none-eabi/4.9.3/../../../../arm-none-eabi/lib/armv7-m\libg_nano.a(lib_a-memmove.o)
 .debug_frame   0x00001378       0x2c d:/programs/stm/gcc-arm-none-eabi-4_9-141220/bin/../lib/gcc/arm-none-eabi/4.9.3/../../../../arm-none-eabi/lib/armv7-m\libg_nano.a(lib_a-nano-freer.o)
 .debug_frame   0x000013a4       0x2c d:/programs/stm/gcc-arm-none-eabi-4_9-141220/bin/../lib/gcc/arm-none-eabi/4.9.3/../../../../arm-none-eabi/lib/armv7-m\libg_nano.a(lib_a-nano-mallocr.o)
 .debug_frame   0x000013d0       0x3c d:/programs/stm/gcc-arm-none-eabi-4_9-141220/bin/../lib/gcc/arm-none-eabi/4.9.3/../../../../arm-none-eabi/lib/armv7-m\libg_nano.a(lib_a-nano-reallocr.o)
 .debug_frame   0x0000140c       0x2c d:/programs/stm/gcc-arm-none-eabi-4_9-141220/bin/../lib/gcc/arm-none-eabi/4.9.3/../../../../arm-none-eabi/lib/armv7-m\libg_nano.a(lib_a-sbrkr.o)
 .debug_frame   0x00001438       0x20 d:/programs/stm/gcc-arm-none-eabi-4_9-141220/bin/../lib/gcc/arm-none-eabi/4.9.3/../../../../arm-none-eabi/lib/armv7-m\libg_nano.a(lib_a-nano-msizer.o)

.debug_str      0x00000000    0x57e62
 *(.debug_str)
 .debug_str     0x00000000    0x4eb70 ./system/src/stm32f1-stdperiph/misc.o
                              0x4ecd5 (size before relaxing)
 .debug_str     0x0004eb70      0xb9d ./system/src/stm32f1-stdperiph/stm32f10x_adc.o
                              0x4f63a (size before relaxing)
 .debug_str     0x0004f70d      0x6de ./system/src/stm32f1-stdperiph/stm32f10x_dma.o
                              0x4f189 (size before relaxing)
 .debug_str     0x0004fdeb      0x5ac ./system/src/stm32f1-stdperiph/stm32f10x_gpio.o
                              0x4f05e (size before relaxing)
 .debug_str     0x00050397      0xbbb ./system/src/stm32f1-stdperiph/stm32f10x_rcc.o
                              0x4f6cd (size before relaxing)
 .debug_str     0x00050f52     0x3c36 ./system/src/newlib/_exit.o
                               0x638b (size before relaxing)
 .debug_str     0x00054b88      0x4de ./system/src/newlib/_sbrk.o
                               0x4afd (size before relaxing)
 .debug_str     0x00055066      0x260 ./system/src/newlib/_startup.o
                               0x3f59 (size before relaxing)
 .debug_str     0x000552c6      0xe36 ./system/src/newlib/_syscalls.o
                               0x6800 (size before relaxing)
 .debug_str     0x000560fc       0x44 ./system/src/newlib/assert.o
                               0x6ccb (size before relaxing)
 .debug_str     0x00056140      0x907 ./system/src/diag/Trace.o
                               0x6bf7 (size before relaxing)
 .debug_str     0x00056a47       0xe1 ./system/src/diag/trace_impl.o
                              0x514e5 (size before relaxing)
 .debug_str     0x00056b28       0x4e ./system/src/cortexm/_initialize_hardware.o
                              0x4eaa9 (size before relaxing)
 .debug_str     0x00056b76      0x1be ./system/src/cortexm/exception_handlers.o
                              0x52844 (size before relaxing)
 .debug_str     0x00056d34       0x82 ./system/src/cmsis/system_stm32f10x.o
                              0x4ebdd (size before relaxing)
 .debug_str     0x00056db6       0x57 ./system/src/cmsis/vectors_stm32f10x.o
                               0x3019 (size before relaxing)
 .debug_str     0x00056e0d      0x348 ./src/Timer.o
                              0x4eeb8 (size before relaxing)
 .debug_str     0x00057155      0x207 ./src/main.o
                              0x5378e (size before relaxing)
 .debug_str     0x0005735c      0x3b1 d:/programs/stm/gcc-arm-none-eabi-4_9-141220/bin/../lib/gcc/arm-none-eabi/4.9.3/../../../../arm-none-eabi/lib/armv7-m\libg_nano.a(lib_a-errno.o)
                                0x4c7 (size before relaxing)
 .debug_str     0x0005770d       0x97 d:/programs/stm/gcc-arm-none-eabi-4_9-141220/bin/../lib/gcc/arm-none-eabi/4.9.3/../../../../arm-none-eabi/lib/armv7-m\libg_nano.a(lib_a-impure.o)
                                0x51e (size before relaxing)
 .debug_str     0x000577a4       0x5a d:/programs/stm/gcc-arm-none-eabi-4_9-141220/bin/../lib/gcc/arm-none-eabi/4.9.3/../../../../arm-none-eabi/lib/armv7-m\libg_nano.a(lib_a-strlen.o)
                                0x182 (size before relaxing)
 .debug_str     0x000577fe       0xd0 d:/programs/stm/gcc-arm-none-eabi-4_9-141220/bin/../lib/gcc/arm-none-eabi/4.9.3/../../../../arm-none-eabi/lib/armv7-m\libg_nano.a(lib_a-vsnprintf.o)
                                0x585 (size before relaxing)
 .debug_str     0x000578ce      0x1f8 d:/programs/stm/gcc-arm-none-eabi-4_9-141220/bin/../lib/gcc/arm-none-eabi/4.9.3/../../../../arm-none-eabi/lib/armv7-m\libg_nano.a(lib_a-nano-svfprintf.o)
                                0x6b2 (size before relaxing)
 .debug_str     0x00057ac6       0xad d:/programs/stm/gcc-arm-none-eabi-4_9-141220/bin/../lib/gcc/arm-none-eabi/4.9.3/../../../../arm-none-eabi/lib/armv7-m\libg_nano.a(lib_a-nano-vfprintf_i.o)
                                0x651 (size before relaxing)
 .debug_str     0x00057b73       0x5d d:/programs/stm/gcc-arm-none-eabi-4_9-141220/bin/../lib/gcc/arm-none-eabi/4.9.3/../../../../arm-none-eabi/lib/armv7-m\libg_nano.a(lib_a-memchr.o)
                                0x185 (size before relaxing)
 .debug_str     0x00057bd0       0x61 d:/programs/stm/gcc-arm-none-eabi-4_9-141220/bin/../lib/gcc/arm-none-eabi/4.9.3/../../../../arm-none-eabi/lib/armv7-m\libg_nano.a(lib_a-memcpy.o)
                                0x189 (size before relaxing)
 .debug_str     0x00057c31       0x57 d:/programs/stm/gcc-arm-none-eabi-4_9-141220/bin/../lib/gcc/arm-none-eabi/4.9.3/../../../../arm-none-eabi/lib/armv7-m\libg_nano.a(lib_a-memmove.o)
                                0x190 (size before relaxing)
 .debug_str     0x00057c88      0x117 d:/programs/stm/gcc-arm-none-eabi-4_9-141220/bin/../lib/gcc/arm-none-eabi/4.9.3/../../../../arm-none-eabi/lib/armv7-m\libg_nano.a(lib_a-nano-freer.o)
                                0x59e (size before relaxing)
 .debug_str     0x00057d9f       0x46 d:/programs/stm/gcc-arm-none-eabi-4_9-141220/bin/../lib/gcc/arm-none-eabi/4.9.3/../../../../arm-none-eabi/lib/armv7-m\libg_nano.a(lib_a-nano-mallocr.o)
                                0x5d3 (size before relaxing)
 .debug_str     0x00057de5       0x23 d:/programs/stm/gcc-arm-none-eabi-4_9-141220/bin/../lib/gcc/arm-none-eabi/4.9.3/../../../../arm-none-eabi/lib/armv7-m\libg_nano.a(lib_a-nano-reallocr.o)
                                0x5a6 (size before relaxing)
 .debug_str     0x00057e08       0x4b d:/programs/stm/gcc-arm-none-eabi-4_9-141220/bin/../lib/gcc/arm-none-eabi/4.9.3/../../../../arm-none-eabi/lib/armv7-m\libg_nano.a(lib_a-sbrkr.o)
                                0x4d6 (size before relaxing)
 .debug_str     0x00057e53        0xf d:/programs/stm/gcc-arm-none-eabi-4_9-141220/bin/../lib/gcc/arm-none-eabi/4.9.3/../../../../arm-none-eabi/lib/armv7-m\libg_nano.a(lib_a-nano-msizer.o)
                                0x584 (size before relaxing)

.debug_loc      0x00000000     0x48ea
 *(.debug_loc)
 .debug_loc     0x00000000      0x1cc ./system/src/stm32f1-stdperiph/misc.o
 .debug_loc     0x000001cc     0x101b ./system/src/stm32f1-stdperiph/stm32f10x_adc.o
 .debug_loc     0x000011e7      0x368 ./system/src/stm32f1-stdperiph/stm32f10x_dma.o
 .debug_loc     0x0000154f      0x773 ./system/src/stm32f1-stdperiph/stm32f10x_gpio.o
 .debug_loc     0x00001cc2      0xa3d ./system/src/stm32f1-stdperiph/stm32f10x_rcc.o
 .debug_loc     0x000026ff       0x82 ./system/src/newlib/_sbrk.o
 .debug_loc     0x00002781      0x265 ./system/src/newlib/_startup.o
 .debug_loc     0x000029e6      0x549 ./system/src/newlib/_syscalls.o
 .debug_loc     0x00002f2f       0xec ./system/src/newlib/assert.o
 .debug_loc     0x0000301b       0xf7 ./system/src/diag/Trace.o
 .debug_loc     0x00003112       0x97 ./system/src/diag/trace_impl.o
 .debug_loc     0x000031a9      0x184 ./system/src/cortexm/exception_handlers.o
 .debug_loc     0x0000332d      0x104 ./system/src/cmsis/system_stm32f10x.o
 .debug_loc     0x00003431       0x59 ./src/Timer.o
 .debug_loc     0x0000348a       0x78 ./src/main.o
 .debug_loc     0x00003502       0x21 d:/programs/stm/gcc-arm-none-eabi-4_9-141220/bin/../lib/gcc/arm-none-eabi/4.9.3/../../../../arm-none-eabi/lib/armv7-m\libg_nano.a(lib_a-strlen.o)
 .debug_loc     0x00003523      0x179 d:/programs/stm/gcc-arm-none-eabi-4_9-141220/bin/../lib/gcc/arm-none-eabi/4.9.3/../../../../arm-none-eabi/lib/armv7-m\libg_nano.a(lib_a-vsnprintf.o)
 .debug_loc     0x0000369c      0x53f d:/programs/stm/gcc-arm-none-eabi-4_9-141220/bin/../lib/gcc/arm-none-eabi/4.9.3/../../../../arm-none-eabi/lib/armv7-m\libg_nano.a(lib_a-nano-svfprintf.o)
 .debug_loc     0x00003bdb      0x46d d:/programs/stm/gcc-arm-none-eabi-4_9-141220/bin/../lib/gcc/arm-none-eabi/4.9.3/../../../../arm-none-eabi/lib/armv7-m\libg_nano.a(lib_a-nano-vfprintf_i.o)
 .debug_loc     0x00004048       0xaa d:/programs/stm/gcc-arm-none-eabi-4_9-141220/bin/../lib/gcc/arm-none-eabi/4.9.3/../../../../arm-none-eabi/lib/armv7-m\libg_nano.a(lib_a-memchr.o)
 .debug_loc     0x000040f2       0x87 d:/programs/stm/gcc-arm-none-eabi-4_9-141220/bin/../lib/gcc/arm-none-eabi/4.9.3/../../../../arm-none-eabi/lib/armv7-m\libg_nano.a(lib_a-memcpy.o)
 .debug_loc     0x00004179       0xde d:/programs/stm/gcc-arm-none-eabi-4_9-141220/bin/../lib/gcc/arm-none-eabi/4.9.3/../../../../arm-none-eabi/lib/armv7-m\libg_nano.a(lib_a-memmove.o)
 .debug_loc     0x00004257      0x172 d:/programs/stm/gcc-arm-none-eabi-4_9-141220/bin/../lib/gcc/arm-none-eabi/4.9.3/../../../../arm-none-eabi/lib/armv7-m\libg_nano.a(lib_a-nano-freer.o)
 .debug_loc     0x000043c9      0x304 d:/programs/stm/gcc-arm-none-eabi-4_9-141220/bin/../lib/gcc/arm-none-eabi/4.9.3/../../../../arm-none-eabi/lib/armv7-m\libg_nano.a(lib_a-nano-mallocr.o)
 .debug_loc     0x000046cd      0x11b d:/programs/stm/gcc-arm-none-eabi-4_9-141220/bin/../lib/gcc/arm-none-eabi/4.9.3/../../../../arm-none-eabi/lib/armv7-m\libg_nano.a(lib_a-nano-reallocr.o)
 .debug_loc     0x000047e8       0x4d d:/programs/stm/gcc-arm-none-eabi-4_9-141220/bin/../lib/gcc/arm-none-eabi/4.9.3/../../../../arm-none-eabi/lib/armv7-m\libg_nano.a(lib_a-sbrkr.o)
 .debug_loc     0x00004835       0xb5 d:/programs/stm/gcc-arm-none-eabi-4_9-141220/bin/../lib/gcc/arm-none-eabi/4.9.3/../../../../arm-none-eabi/lib/armv7-m\libg_nano.a(lib_a-nano-msizer.o)

.debug_macinfo
 *(.debug_macinfo)

.debug_weaknames
 *(.debug_weaknames)

.debug_funcnames
 *(.debug_funcnames)

.debug_typenames
 *(.debug_typenames)

.debug_varnames
 *(.debug_varnames)
OUTPUT(ettAndraTest.elf elf32-littlearm)

.debug_ranges   0x00000000      0x790
 .debug_ranges  0x00000000       0x30 ./system/src/stm32f1-stdperiph/misc.o
 .debug_ranges  0x00000030      0x128 ./system/src/stm32f1-stdperiph/stm32f10x_adc.o
 .debug_ranges  0x00000158       0x60 ./system/src/stm32f1-stdperiph/stm32f10x_dma.o
 .debug_ranges  0x000001b8       0x98 ./system/src/stm32f1-stdperiph/stm32f10x_gpio.o
 .debug_ranges  0x00000250      0x110 ./system/src/stm32f1-stdperiph/stm32f10x_rcc.o
 .debug_ranges  0x00000360       0x18 ./system/src/newlib/_exit.o
 .debug_ranges  0x00000378       0x10 ./system/src/newlib/_sbrk.o
 .debug_ranges  0x00000388       0x48 ./system/src/newlib/_startup.o
 .debug_ranges  0x000003d0       0xc0 ./system/src/newlib/_syscalls.o
 .debug_ranges  0x00000490       0x18 ./system/src/newlib/assert.o
 .debug_ranges  0x000004a8       0x28 ./system/src/diag/Trace.o
 .debug_ranges  0x000004d0       0x20 ./system/src/diag/trace_impl.o
 .debug_ranges  0x000004f0       0x18 ./system/src/cortexm/_initialize_hardware.o
 .debug_ranges  0x00000508       0x78 ./system/src/cortexm/exception_handlers.o
 .debug_ranges  0x00000580       0x28 ./system/src/cmsis/system_stm32f10x.o
 .debug_ranges  0x000005a8       0x10 ./system/src/cmsis/vectors_stm32f10x.o
 .debug_ranges  0x000005b8       0x28 ./src/Timer.o
 .debug_ranges  0x000005e0       0x18 ./src/main.o
 .debug_ranges  0x000005f8       0x10 d:/programs/stm/gcc-arm-none-eabi-4_9-141220/bin/../lib/gcc/arm-none-eabi/4.9.3/../../../../arm-none-eabi/lib/armv7-m\libg_nano.a(lib_a-errno.o)
 .debug_ranges  0x00000608       0x10 d:/programs/stm/gcc-arm-none-eabi-4_9-141220/bin/../lib/gcc/arm-none-eabi/4.9.3/../../../../arm-none-eabi/lib/armv7-m\libg_nano.a(lib_a-strlen.o)
 .debug_ranges  0x00000618       0x18 d:/programs/stm/gcc-arm-none-eabi-4_9-141220/bin/../lib/gcc/arm-none-eabi/4.9.3/../../../../arm-none-eabi/lib/armv7-m\libg_nano.a(lib_a-vsnprintf.o)
 .debug_ranges  0x00000630       0x50 d:/programs/stm/gcc-arm-none-eabi-4_9-141220/bin/../lib/gcc/arm-none-eabi/4.9.3/../../../../arm-none-eabi/lib/armv7-m\libg_nano.a(lib_a-nano-svfprintf.o)
 .debug_ranges  0x00000680       0x60 d:/programs/stm/gcc-arm-none-eabi-4_9-141220/bin/../lib/gcc/arm-none-eabi/4.9.3/../../../../arm-none-eabi/lib/armv7-m\libg_nano.a(lib_a-nano-vfprintf_i.o)
 .debug_ranges  0x000006e0       0x10 d:/programs/stm/gcc-arm-none-eabi-4_9-141220/bin/../lib/gcc/arm-none-eabi/4.9.3/../../../../arm-none-eabi/lib/armv7-m\libg_nano.a(lib_a-memchr.o)
 .debug_ranges  0x000006f0       0x10 d:/programs/stm/gcc-arm-none-eabi-4_9-141220/bin/../lib/gcc/arm-none-eabi/4.9.3/../../../../arm-none-eabi/lib/armv7-m\libg_nano.a(lib_a-memcpy.o)
 .debug_ranges  0x00000700       0x10 d:/programs/stm/gcc-arm-none-eabi-4_9-141220/bin/../lib/gcc/arm-none-eabi/4.9.3/../../../../arm-none-eabi/lib/armv7-m\libg_nano.a(lib_a-memmove.o)
 .debug_ranges  0x00000710       0x28 d:/programs/stm/gcc-arm-none-eabi-4_9-141220/bin/../lib/gcc/arm-none-eabi/4.9.3/../../../../arm-none-eabi/lib/armv7-m\libg_nano.a(lib_a-nano-freer.o)
 .debug_ranges  0x00000738       0x28 d:/programs/stm/gcc-arm-none-eabi-4_9-141220/bin/../lib/gcc/arm-none-eabi/4.9.3/../../../../arm-none-eabi/lib/armv7-m\libg_nano.a(lib_a-nano-mallocr.o)
 .debug_ranges  0x00000760       0x10 d:/programs/stm/gcc-arm-none-eabi-4_9-141220/bin/../lib/gcc/arm-none-eabi/4.9.3/../../../../arm-none-eabi/lib/armv7-m\libg_nano.a(lib_a-nano-reallocr.o)
 .debug_ranges  0x00000770       0x10 d:/programs/stm/gcc-arm-none-eabi-4_9-141220/bin/../lib/gcc/arm-none-eabi/4.9.3/../../../../arm-none-eabi/lib/armv7-m\libg_nano.a(lib_a-sbrkr.o)
 .debug_ranges  0x00000780       0x10 d:/programs/stm/gcc-arm-none-eabi-4_9-141220/bin/../lib/gcc/arm-none-eabi/4.9.3/../../../../arm-none-eabi/lib/armv7-m\libg_nano.a(lib_a-nano-msizer.o)

.debug_macro    0x00000000    0x10281
 .debug_macro   0x00000000      0x189 ./system/src/stm32f1-stdperiph/misc.o
 .debug_macro   0x00000189      0x88c ./system/src/stm32f1-stdperiph/misc.o
 .debug_macro   0x00000a15       0x50 ./system/src/stm32f1-stdperiph/misc.o
 .debug_macro   0x00000a65       0x3a ./system/src/stm32f1-stdperiph/misc.o
 .debug_macro   0x00000a9f       0x22 ./system/src/stm32f1-stdperiph/misc.o
 .debug_macro   0x00000ac1       0x44 ./system/src/stm32f1-stdperiph/misc.o
 .debug_macro   0x00000b05       0x1c ./system/src/stm32f1-stdperiph/misc.o
 .debug_macro   0x00000b21      0x1f7 ./system/src/stm32f1-stdperiph/misc.o
 .debug_macro   0x00000d18       0x2d ./system/src/stm32f1-stdperiph/misc.o
 .debug_macro   0x00000d45      0xa8b ./system/src/stm32f1-stdperiph/misc.o
 .debug_macro   0x000017d0     0x7ea5 ./system/src/stm32f1-stdperiph/misc.o
 .debug_macro   0x00009675      0x2e4 ./system/src/stm32f1-stdperiph/misc.o
 .debug_macro   0x00009959      0x144 ./system/src/stm32f1-stdperiph/misc.o
 .debug_macro   0x00009a9d      0x3cf ./system/src/stm32f1-stdperiph/misc.o
 .debug_macro   0x00009e6c       0xc8 ./system/src/stm32f1-stdperiph/misc.o
 .debug_macro   0x00009f34      0x196 ./system/src/stm32f1-stdperiph/misc.o
 .debug_macro   0x0000a0ca       0xac ./system/src/stm32f1-stdperiph/misc.o
 .debug_macro   0x0000a176      0x3ad ./system/src/stm32f1-stdperiph/misc.o
 .debug_macro   0x0000a523       0x9d ./system/src/stm32f1-stdperiph/misc.o
 .debug_macro   0x0000a5c0      0x2cf ./system/src/stm32f1-stdperiph/misc.o
 .debug_macro   0x0000a88f      0x279 ./system/src/stm32f1-stdperiph/misc.o
 .debug_macro   0x0000ab08      0x2ac ./system/src/stm32f1-stdperiph/misc.o
 .debug_macro   0x0000adb4      0x2b4 ./system/src/stm32f1-stdperiph/misc.o
 .debug_macro   0x0000b068       0x64 ./system/src/stm32f1-stdperiph/misc.o
 .debug_macro   0x0000b0cc       0x82 ./system/src/stm32f1-stdperiph/misc.o
 .debug_macro   0x0000b14e      0x461 ./system/src/stm32f1-stdperiph/misc.o
 .debug_macro   0x0000b5af       0x58 ./system/src/stm32f1-stdperiph/misc.o
 .debug_macro   0x0000b607      0x344 ./system/src/stm32f1-stdperiph/misc.o
 .debug_macro   0x0000b94b      0x2c4 ./system/src/stm32f1-stdperiph/misc.o
 .debug_macro   0x0000bc0f      0x711 ./system/src/stm32f1-stdperiph/misc.o
 .debug_macro   0x0000c320      0x222 ./system/src/stm32f1-stdperiph/misc.o
 .debug_macro   0x0000c542       0x34 ./system/src/stm32f1-stdperiph/misc.o
 .debug_macro   0x0000c576       0x35 ./system/src/stm32f1-stdperiph/misc.o
 .debug_macro   0x0000c5ab       0x85 ./system/src/stm32f1-stdperiph/misc.o
 .debug_macro   0x0000c630      0x281 ./system/src/stm32f1-stdperiph/stm32f10x_adc.o
 .debug_macro   0x0000c8b1      0x13e ./system/src/stm32f1-stdperiph/stm32f10x_adc.o
 .debug_macro   0x0000c9ef       0x8b ./system/src/stm32f1-stdperiph/stm32f10x_adc.o
 .debug_macro   0x0000ca7a      0x1d7 ./system/src/stm32f1-stdperiph/stm32f10x_dma.o
 .debug_macro   0x0000cc51      0x3a7 ./system/src/stm32f1-stdperiph/stm32f10x_dma.o
 .debug_macro   0x0000cff8      0x1d1 ./system/src/stm32f1-stdperiph/stm32f10x_gpio.o
 .debug_macro   0x0000d1c9      0x2a6 ./system/src/stm32f1-stdperiph/stm32f10x_gpio.o
 .debug_macro   0x0000d46f      0x2ad ./system/src/stm32f1-stdperiph/stm32f10x_rcc.o
 .debug_macro   0x0000d71c      0x45b ./system/src/stm32f1-stdperiph/stm32f10x_rcc.o
 .debug_macro   0x0000db77      0x137 ./system/src/newlib/_exit.o
 .debug_macro   0x0000dcae       0x9c ./system/src/newlib/_exit.o
 .debug_macro   0x0000dd4a      0x10e ./system/src/newlib/_exit.o
 .debug_macro   0x0000de58       0x86 ./system/src/newlib/_exit.o
 .debug_macro   0x0000dede       0x43 ./system/src/newlib/_exit.o
 .debug_macro   0x0000df21       0x1c ./system/src/newlib/_exit.o
 .debug_macro   0x0000df3d      0x27a ./system/src/newlib/_exit.o
 .debug_macro   0x0000e1b7       0x35 ./system/src/newlib/_exit.o
 .debug_macro   0x0000e1ec       0xe4 ./system/src/newlib/_sbrk.o
 .debug_macro   0x0000e2d0       0x19 ./system/src/newlib/_sbrk.o
 .debug_macro   0x0000e2e9      0x16d ./system/src/newlib/_sbrk.o
 .debug_macro   0x0000e456       0x10 ./system/src/newlib/_sbrk.o
 .debug_macro   0x0000e466      0x23b ./system/src/newlib/_sbrk.o
 .debug_macro   0x0000e6a1       0xf0 ./system/src/newlib/_startup.o
 .debug_macro   0x0000e791      0x185 ./system/src/newlib/_syscalls.o
 .debug_macro   0x0000e916       0x1c ./system/src/newlib/_syscalls.o
 .debug_macro   0x0000e932       0x16 ./system/src/newlib/_syscalls.o
 .debug_macro   0x0000e948       0x10 ./system/src/newlib/_syscalls.o
 .debug_macro   0x0000e958       0x10 ./system/src/newlib/_syscalls.o
 .debug_macro   0x0000e968       0x35 ./system/src/newlib/_syscalls.o
 .debug_macro   0x0000e99d      0x121 ./system/src/newlib/_syscalls.o
 .debug_macro   0x0000eabe       0x22 ./system/src/newlib/_syscalls.o
 .debug_macro   0x0000eae0       0x2b ./system/src/newlib/_syscalls.o
 .debug_macro   0x0000eb0b      0x118 ./system/src/newlib/_syscalls.o
 .debug_macro   0x0000ec23      0x13e ./system/src/newlib/_syscalls.o
 .debug_macro   0x0000ed61       0x16 ./system/src/newlib/_syscalls.o
 .debug_macro   0x0000ed77      0x162 ./system/src/newlib/assert.o
 .debug_macro   0x0000eed9       0x16 ./system/src/newlib/assert.o
 .debug_macro   0x0000eeef      0x15e ./system/src/diag/Trace.o
 .debug_macro   0x0000f04d       0x16 ./system/src/diag/Trace.o
 .debug_macro   0x0000f063       0x97 ./system/src/diag/Trace.o
 .debug_macro   0x0000f0fa       0xf6 ./system/src/diag/Trace.o
 .debug_macro   0x0000f1f0       0x10 ./system/src/diag/Trace.o
 .debug_macro   0x0000f200       0x16 ./system/src/diag/Trace.o
 .debug_macro   0x0000f216      0x16c ./system/src/diag/Trace.o
 .debug_macro   0x0000f382       0x52 ./system/src/diag/Trace.o
 .debug_macro   0x0000f3d4       0x16 ./system/src/diag/Trace.o
 .debug_macro   0x0000f3ea      0x250 ./system/src/diag/trace_impl.o
 .debug_macro   0x0000f63a       0x10 ./system/src/diag/trace_impl.o
 .debug_macro   0x0000f64a       0xc8 ./system/src/diag/trace_impl.o
 .debug_macro   0x0000f712       0xbe ./system/src/diag/trace_impl.o
 .debug_macro   0x0000f7d0      0x183 ./system/src/cortexm/_initialize_hardware.o
 .debug_macro   0x0000f953      0x29f ./system/src/cortexm/exception_handlers.o
 .debug_macro   0x0000fbf2       0x22 ./system/src/cortexm/exception_handlers.o
 .debug_macro   0x0000fc14       0x10 ./system/src/cortexm/exception_handlers.o
 .debug_macro   0x0000fc24      0x186 ./system/src/cmsis/system_stm32f10x.o
 .debug_macro   0x0000fdaa       0x55 ./system/src/cmsis/vectors_stm32f10x.o
 .debug_macro   0x0000fdff      0x19d ./src/Timer.o
 .debug_macro   0x0000ff9c      0x2b7 ./src/main.o
 .debug_macro   0x00010253       0x2e ./src/main.o
